export const snapshot = {};

snapshot[`typegraph validation 1`] = `
\`Error: 
   0: [91mSDK serialization error: Error(stack=['at validator:/test/[in]/a: Expected number got \\\\'"1"\\\\'', 'at validator:/test/[in]/b: Expected a string, got \\\\'["h","e","l","l","o"]\\\\'', 'at validator:/test/[in]/c: Expected a minimum value of 2, got 0', 'at validator:/test/[in]/d: Expected a maximun length of 4, got "hello" (len=5)', 'at validator:/test/[in]/e: Required field "a" not found in object \\\\'{}\\\\'', 'at validator:/test/[in]/f: Required field "a" not found in object \\\\'{"b":1}\\\\'', 'at validator:/test/[in]/g: Unexpected fields "b" in object "{\\\\\\\\"a\\\\\\\\":2,\\\\\\\\"b\\\\\\\\":1}"', 'at validator:/testEnums/[in]/a: Expected a minimum length of 4, got "hi" (len=2)', "at validator:/testEnums/[in]/a: Expected a string, got '12'", 'at validator:/testEnums/[in]/b: Expected float got \\\\'"13"\\\\'', 'at validator:/testEnums/[out]/a: Expected a minimum length of 4, got "hi" (len=2)', "at validator:/testEnums/[out]/a: Expected a string, got '12'", 'at validator:/testEnums/[out]/b: Expected float got \\\\'"13"\\\\'', 'at validator:/testFromParent/[out]/nested/[in]/a: from_parent injection: Type mismatch: integer to string', 'at validator:/testFromParent/[out]/nested/[in]/b: from_parent injection: minimum_length is not defined in the subtype', 'at validator:/testFromParent/[out]/nested/[in]/b: from_parent injection: maximum_length is greater than the maximum_length of the supertype', 'at validator:/testFromParent/[out]/nested/[in]/c: from_parent injection: property b is not defined in the supertype', 'Typegraph validator failed validation'])[0m

Backtrace omitted. Run with RUST_BACKTRACE=1 environment variable to display it.
Run with RUST_BACKTRACE=full to include source snippets.
\`
`;
