export const snapshot = {};

snapshot[`Basic introspection 1`] = `
{
  __schema: {
    types: [
      {
        fields: null,
        kind: "SCALAR",
        name: "String",
        possibleTypes: null,
      },
      {
        fields: null,
        kind: "SCALAR",
        name: "Int",
        possibleTypes: null,
      },
      {
        fields: [
          {
            name: "string",
          },
        ],
        kind: "OBJECT",
        name: "_String",
        possibleTypes: null,
      },
      {
        fields: [
          {
            name: "integer",
          },
        ],
        kind: "OBJECT",
        name: "_Integer",
        possibleTypes: null,
      },
      {
        fields: [
          {
            name: "identity",
          },
        ],
        kind: "OBJECT",
        name: "Query",
        possibleTypes: null,
      },
      {
        fields: [
          {
            name: "favorite",
          },
          {
            name: "name",
          },
        ],
        kind: "OBJECT",
        name: "User",
        possibleTypes: null,
      },
      {
        fields: null,
        kind: "UNION",
        name: "FavoriteToyOut",
        possibleTypes: [
          {
            kind: "OBJECT",
            name: "Rubix",
          },
          {
            kind: "OBJECT",
            name: "Toygun",
          },
          {
            kind: "OBJECT",
            name: "Gunpla",
          },
        ],
      },
      {
        fields: [
          {
            name: "size",
          },
          {
            name: "name",
          },
        ],
        kind: "OBJECT",
        name: "Rubix",
        possibleTypes: null,
      },
      {
        fields: [
          {
            name: "color",
          },
        ],
        kind: "OBJECT",
        name: "Toygun",
        possibleTypes: null,
      },
      {
        fields: [
          {
            name: "ref",
          },
          {
            name: "model",
          },
        ],
        kind: "OBJECT",
        name: "Gunpla",
        possibleTypes: null,
      },
      {
        fields: null,
        kind: "UNION",
        name: "Gunpla_ref_unionOut",
        possibleTypes: [
          {
            kind: "OBJECT",
            name: "_String",
          },
          {
            kind: "OBJECT",
            name: "_Integer",
          },
        ],
      },
      {
        fields: null,
        kind: "SCALAR",
        name: "FavoriteToyIn",
        possibleTypes: null,
      },
      {
        fields: null,
        kind: "INPUT_OBJECT",
        name: "RubixInp",
        possibleTypes: null,
      },
      {
        fields: null,
        kind: "INPUT_OBJECT",
        name: "ToygunInp",
        possibleTypes: null,
      },
      {
        fields: null,
        kind: "INPUT_OBJECT",
        name: "GunplaInp",
        possibleTypes: null,
      },
      {
        fields: null,
        kind: "SCALAR",
        name: "Gunpla_ref_unionIn",
        possibleTypes: null,
      },
    ],
  },
}
`;
