---
source: typegraph/core/src/runtimes/prisma/type_generation/mod.rs
expression: "tree::print(out)"
---
root: struct '_PostOutputType' #46
├─ [id]: integer #14
├─ [title]: string #15
└─ [author]: struct '_UserOutputType_excluding_UserToPost' #45
   ├─ [id]: integer #9
   └─ [name]: string #10

