---
source: typegraph/core/src/runtimes/prisma/type_generation/mod.rs
expression: "tree::print(types.input)"
---
root: struct #102
├─ [data]: struct '_User_UpdateInput' #81
│  ├─ [id]: optional #77
│  │  └─ item: union #76
│  │     ├─ variant_0: integer #63
│  │     ├─ variant_1: struct #72
│  │     │  └─ [set]: integer #63
│  │     ├─ variant_2: struct #73
│  │     │  └─ [multiply]: integer #63
│  │     ├─ variant_3: struct #74
│  │     │  └─ [decrement]: integer #63
│  │     └─ variant_4: struct #75
│  │        └─ [increment]: integer #63
│  └─ [name]: optional #80
│     └─ item: union #79
│        ├─ variant_0: string #64
│        └─ variant_1: struct #78
│           └─ [set]: string #64
└─ [where]: optional '_101_QueryUserWhereInput?' #101
   └─ item: struct 'QueryUserWhereInput' #100
      ├─ [id]: optional '_89__integer_filter_c?' #89
      │  └─ item: optional '_integer_filter_c' #51
      │     └─ item: union #50
      │        ├─ variant_0: either '_integer_filter' #48
      │        │  ├─ variant_0: integer #40
      │        │  ├─ variant_1: struct #43
      │        │  │  └─ [equals]: integer #40
      │        │  ├─ variant_2: struct #44
      │        │  │  └─ [not]: integer #40
      │        │  ├─ variant_3: struct #45
      │        │  │  ├─ [lt]: optional #41
      │        │  │  │  └─ item: integer #40
      │        │  │  ├─ [gt]: optional #41
      │        │  │  │  └─ item: integer #40
      │        │  │  ├─ [lte]: optional #41
      │        │  │  │  └─ item: integer #40
      │        │  │  └─ [gte]: optional #41
      │        │  │     └─ item: integer #40
      │        │  ├─ variant_4: struct #46
      │        │  │  └─ [in]: array #42
      │        │  │     └─ item: integer #40
      │        │  └─ variant_5: struct #47
      │        │     └─ [notIn]: array #42
      │        │        └─ item: integer #40
      │        └─ variant_1: struct #49
      │           └─ [not]: either '_integer_filter' #48
      │              ├─ variant_0: integer #40
      │              ├─ variant_1: struct #43
      │              │  └─ [equals]: integer #40
      │              ├─ variant_2: struct #44
      │              │  └─ [not]: integer #40
      │              ├─ variant_3: struct #45
      │              │  ├─ [lt]: optional #41
      │              │  │  └─ item: integer #40
      │              │  ├─ [gt]: optional #41
      │              │  │  └─ item: integer #40
      │              │  ├─ [lte]: optional #41
      │              │  │  └─ item: integer #40
      │              │  └─ [gte]: optional #41
      │              │     └─ item: integer #40
      │              ├─ variant_4: struct #46
      │              │  └─ [in]: array #42
      │              │     └─ item: integer #40
      │              └─ variant_5: struct #47
      │                 └─ [notIn]: array #42
      │                    └─ item: integer #40
      ├─ [name]: optional '_90__string_filter_c?' #90
      │  └─ item: optional '_string_filter_c' #37
      │     └─ item: union #36
      │        ├─ variant_0: union '_string_filter' #34
      │        │  ├─ variant_0: string #22
      │        │  ├─ variant_1: struct #25
      │        │  │  └─ [equals]: string #22
      │        │  ├─ variant_2: struct #26
      │        │  │  └─ [not]: string #22
      │        │  ├─ variant_3: struct #27
      │        │  │  └─ [in]: array #24
      │        │  │     └─ item: string #22
      │        │  ├─ variant_4: struct #28
      │        │  │  └─ [notIn]: array #24
      │        │  │     └─ item: string #22
      │        │  ├─ variant_5: struct #31
      │        │  │  ├─ [contains]: string #22
      │        │  │  └─ [mode]: optional #30
      │        │  │     └─ item: string #29 enum{ '"insensitive"' }
      │        │  ├─ variant_6: struct #32
      │        │  │  └─ [search]: string #22
      │        │  └─ variant_7: struct #33
      │        │     ├─ [startsWith]: optional #23
      │        │     │  └─ item: string #22
      │        │     └─ [endsWith]: optional #23
      │        │        └─ item: string #22
      │        └─ variant_1: struct #35
      │           └─ [not]: union '_string_filter' #34
      │              ├─ variant_0: string #22
      │              ├─ variant_1: struct #25
      │              │  └─ [equals]: string #22
      │              ├─ variant_2: struct #26
      │              │  └─ [not]: string #22
      │              ├─ variant_3: struct #27
      │              │  └─ [in]: array #24
      │              │     └─ item: string #22
      │              ├─ variant_4: struct #28
      │              │  └─ [notIn]: array #24
      │              │     └─ item: string #22
      │              ├─ variant_5: struct #31
      │              │  ├─ [contains]: string #22
      │              │  └─ [mode]: optional #30
      │              │     └─ item: string #29 enum{ '"insensitive"' }
      │              ├─ variant_6: struct #32
      │              │  └─ [search]: string #22
      │              └─ variant_7: struct #33
      │                 ├─ [startsWith]: optional #23
      │                 │  └─ item: string #22
      │                 └─ [endsWith]: optional #23
      │                    └─ item: string #22
      ├─ [posts]: optional '_94__71WithFilters_norel?' #94
      │  └─ item: struct '_71WithFilters_norel' #93
      │     ├─ [id]: optional '_91__integer_filter_c?' #91
      │     │  └─ item: optional '_integer_filter_c' #51
      │     │     └─ item: union #50
      │     │        ├─ variant_0: either '_integer_filter' #48
      │     │        │  ├─ variant_0: integer #40
      │     │        │  ├─ variant_1: struct #43
      │     │        │  │  └─ [equals]: integer #40
      │     │        │  ├─ variant_2: struct #44
      │     │        │  │  └─ [not]: integer #40
      │     │        │  ├─ variant_3: struct #45
      │     │        │  │  ├─ [lt]: optional #41
      │     │        │  │  │  └─ item: integer #40
      │     │        │  │  ├─ [gt]: optional #41
      │     │        │  │  │  └─ item: integer #40
      │     │        │  │  ├─ [lte]: optional #41
      │     │        │  │  │  └─ item: integer #40
      │     │        │  │  └─ [gte]: optional #41
      │     │        │  │     └─ item: integer #40
      │     │        │  ├─ variant_4: struct #46
      │     │        │  │  └─ [in]: array #42
      │     │        │  │     └─ item: integer #40
      │     │        │  └─ variant_5: struct #47
      │     │        │     └─ [notIn]: array #42
      │     │        │        └─ item: integer #40
      │     │        └─ variant_1: struct #49
      │     │           └─ [not]: either '_integer_filter' #48
      │     │              ├─ variant_0: integer #40
      │     │              ├─ variant_1: struct #43
      │     │              │  └─ [equals]: integer #40
      │     │              ├─ variant_2: struct #44
      │     │              │  └─ [not]: integer #40
      │     │              ├─ variant_3: struct #45
      │     │              │  ├─ [lt]: optional #41
      │     │              │  │  └─ item: integer #40
      │     │              │  ├─ [gt]: optional #41
      │     │              │  │  └─ item: integer #40
      │     │              │  ├─ [lte]: optional #41
      │     │              │  │  └─ item: integer #40
      │     │              │  └─ [gte]: optional #41
      │     │              │     └─ item: integer #40
      │     │              ├─ variant_4: struct #46
      │     │              │  └─ [in]: array #42
      │     │              │     └─ item: integer #40
      │     │              └─ variant_5: struct #47
      │     │                 └─ [notIn]: array #42
      │     │                    └─ item: integer #40
      │     └─ [title]: optional '_92__string_filter_c?' #92
      │        └─ item: optional '_string_filter_c' #37
      │           └─ item: union #36
      │              ├─ variant_0: union '_string_filter' #34
      │              │  ├─ variant_0: string #22
      │              │  ├─ variant_1: struct #25
      │              │  │  └─ [equals]: string #22
      │              │  ├─ variant_2: struct #26
      │              │  │  └─ [not]: string #22
      │              │  ├─ variant_3: struct #27
      │              │  │  └─ [in]: array #24
      │              │  │     └─ item: string #22
      │              │  ├─ variant_4: struct #28
      │              │  │  └─ [notIn]: array #24
      │              │  │     └─ item: string #22
      │              │  ├─ variant_5: struct #31
      │              │  │  ├─ [contains]: string #22
      │              │  │  └─ [mode]: optional #30
      │              │  │     └─ item: string #29 enum{ '"insensitive"' }
      │              │  ├─ variant_6: struct #32
      │              │  │  └─ [search]: string #22
      │              │  └─ variant_7: struct #33
      │              │     ├─ [startsWith]: optional #23
      │              │     │  └─ item: string #22
      │              │     └─ [endsWith]: optional #23
      │              │        └─ item: string #22
      │              └─ variant_1: struct #35
      │                 └─ [not]: union '_string_filter' #34
      │                    ├─ variant_0: string #22
      │                    ├─ variant_1: struct #25
      │                    │  └─ [equals]: string #22
      │                    ├─ variant_2: struct #26
      │                    │  └─ [not]: string #22
      │                    ├─ variant_3: struct #27
      │                    │  └─ [in]: array #24
      │                    │     └─ item: string #22
      │                    ├─ variant_4: struct #28
      │                    │  └─ [notIn]: array #24
      │                    │     └─ item: string #22
      │                    ├─ variant_5: struct #31
      │                    │  ├─ [contains]: string #22
      │                    │  └─ [mode]: optional #30
      │                    │     └─ item: string #29 enum{ '"insensitive"' }
      │                    ├─ variant_6: struct #32
      │                    │  └─ [search]: string #22
      │                    └─ variant_7: struct #33
      │                       ├─ [startsWith]: optional #23
      │                       │  └─ item: string #22
      │                       └─ [endsWith]: optional #23
      │                          └─ item: string #22
      ├─ [AND]: optional '_98__97_QueryUserWhereInput[]?' #98
      │  └─ item: array '_97_QueryUserWhereInput[]' #97
      │     └─ item: &QueryUserWhereInput #96
      ├─ [OR]: optional '_98__97_QueryUserWhereInput[]?' #98
      │  └─ item: array '_97_QueryUserWhereInput[]' #97
      │     └─ item: &QueryUserWhereInput #96
      └─ [NOT]: optional '_99_QueryUserWhereInput?' #99
         └─ item: &QueryUserWhereInput #96

