---
source: typegraph/core/src/runtimes/prisma/type_generation/mod.rs
expression: "tree::PrintOptions::new().indent_size(3).print(out)"
---
root: list '_Record_GroupByResult' #113
└─ item: struct #112
   ├─ [_avg]: struct '_Record_SelectNumbers__1' #106
   │  └─ [age]: optional #105
   │     └─ item: float #104
   ├─ [_count]: struct '_Record_AggrCount' #103
   │  ├─ [_all]: optional #102
   │  │  └─ item: integer #101
   │  ├─ [age]: optional #102
   │  │  └─ item: integer #101
   │  ├─ [id]: optional #102
   │  │  └─ item: integer #101
   │  └─ [name]: optional #102
   │     └─ item: integer #101
   ├─ [_max]: struct '_Record_SelectNumbers_' #111
   │  └─ [age]: optional #110
   │     └─ item: integer #109
   ├─ [_min]: struct '_Record_SelectNumbers_' #111
   │  └─ [age]: optional #110
   │     └─ item: integer #109
   ├─ [_sum]: struct '_Record_SelectNumbers_' #111
   │  └─ [age]: optional #110
   │     └─ item: integer #109
   ├─ [age]: optional #3
   │  └─ item: integer #2
   ├─ [id]: string #0
   └─ [name]: string #1

