---
source: typegraph/core/src/runtimes/prisma/type_generation/query_where_expr.rs
expression: "tree::print(post_where_expr)"
---
root: struct 'QueryPostWhereInput' #78
├─ [id]: optional '_58__integer_filter_c?' #58
│  └─ item: optional '_integer_filter_c' #20
│     └─ item: union #19
│        ├─ variant_0: either '_integer_filter' #17
│        │  ├─ variant_0: integer #9
│        │  ├─ variant_1: struct #12
│        │  │  └─ [equals]: integer #9
│        │  ├─ variant_2: struct #13
│        │  │  └─ [not]: integer #9
│        │  ├─ variant_3: struct #14
│        │  │  ├─ [lt]: optional #10
│        │  │  │  └─ item: integer #9
│        │  │  ├─ [gt]: optional #10
│        │  │  │  └─ item: integer #9
│        │  │  ├─ [lte]: optional #10
│        │  │  │  └─ item: integer #9
│        │  │  └─ [gte]: optional #10
│        │  │     └─ item: integer #9
│        │  ├─ variant_4: struct #15
│        │  │  └─ [in]: array #11
│        │  │     └─ item: integer #9
│        │  └─ variant_5: struct #16
│        │     └─ [notIn]: array #11
│        │        └─ item: integer #9
│        └─ variant_1: struct #18
│           └─ [not]: either '_integer_filter' #17
│              ├─ variant_0: integer #9
│              ├─ variant_1: struct #12
│              │  └─ [equals]: integer #9
│              ├─ variant_2: struct #13
│              │  └─ [not]: integer #9
│              ├─ variant_3: struct #14
│              │  ├─ [lt]: optional #10
│              │  │  └─ item: integer #9
│              │  ├─ [gt]: optional #10
│              │  │  └─ item: integer #9
│              │  ├─ [lte]: optional #10
│              │  │  └─ item: integer #9
│              │  └─ [gte]: optional #10
│              │     └─ item: integer #9
│              ├─ variant_4: struct #15
│              │  └─ [in]: array #11
│              │     └─ item: integer #9
│              └─ variant_5: struct #16
│                 └─ [notIn]: array #11
│                    └─ item: integer #9
├─ [title]: optional '_59__string_filter_c?' #59
│  └─ item: optional '_string_filter_c' #37
│     └─ item: union #36
│        ├─ variant_0: union '_string_filter' #34
│        │  ├─ variant_0: string #22
│        │  ├─ variant_1: struct #25
│        │  │  └─ [equals]: string #22
│        │  ├─ variant_2: struct #26
│        │  │  └─ [not]: string #22
│        │  ├─ variant_3: struct #27
│        │  │  └─ [in]: array #24
│        │  │     └─ item: string #22
│        │  ├─ variant_4: struct #28
│        │  │  └─ [notIn]: array #24
│        │  │     └─ item: string #22
│        │  ├─ variant_5: struct #31
│        │  │  ├─ [contains]: string #22
│        │  │  └─ [mode]: optional #30
│        │  │     └─ item: string #29 enum{ '"insensitive"' }
│        │  ├─ variant_6: struct #32
│        │  │  └─ [search]: string #22
│        │  └─ variant_7: struct #33
│        │     ├─ [startsWith]: optional #23
│        │     │  └─ item: string #22
│        │     └─ [endsWith]: optional #23
│        │        └─ item: string #22
│        └─ variant_1: struct #35
│           └─ [not]: union '_string_filter' #34
│              ├─ variant_0: string #22
│              ├─ variant_1: struct #25
│              │  └─ [equals]: string #22
│              ├─ variant_2: struct #26
│              │  └─ [not]: string #22
│              ├─ variant_3: struct #27
│              │  └─ [in]: array #24
│              │     └─ item: string #22
│              ├─ variant_4: struct #28
│              │  └─ [notIn]: array #24
│              │     └─ item: string #22
│              ├─ variant_5: struct #31
│              │  ├─ [contains]: string #22
│              │  └─ [mode]: optional #30
│              │     └─ item: string #29 enum{ '"insensitive"' }
│              ├─ variant_6: struct #32
│              │  └─ [search]: string #22
│              └─ variant_7: struct #33
│                 ├─ [startsWith]: optional #23
│                 │  └─ item: string #22
│                 └─ [endsWith]: optional #23
│                    └─ item: string #22
├─ [author]: optional '_72_UserWhere__skip_8_PostWhere?' #72
│  └─ item: struct 'UserWhere__skip_8_PostWhere' #71
│     ├─ [id]: optional '_60__integer_filter_c?' #60
│     │  └─ item: optional '_integer_filter_c' #20
│     │     └─ item: union #19
│     │        ├─ variant_0: either '_integer_filter' #17
│     │        │  ├─ variant_0: integer #9
│     │        │  ├─ variant_1: struct #12
│     │        │  │  └─ [equals]: integer #9
│     │        │  ├─ variant_2: struct #13
│     │        │  │  └─ [not]: integer #9
│     │        │  ├─ variant_3: struct #14
│     │        │  │  ├─ [lt]: optional #10
│     │        │  │  │  └─ item: integer #9
│     │        │  │  ├─ [gt]: optional #10
│     │        │  │  │  └─ item: integer #9
│     │        │  │  ├─ [lte]: optional #10
│     │        │  │  │  └─ item: integer #9
│     │        │  │  └─ [gte]: optional #10
│     │        │  │     └─ item: integer #9
│     │        │  ├─ variant_4: struct #15
│     │        │  │  └─ [in]: array #11
│     │        │  │     └─ item: integer #9
│     │        │  └─ variant_5: struct #16
│     │        │     └─ [notIn]: array #11
│     │        │        └─ item: integer #9
│     │        └─ variant_1: struct #18
│     │           └─ [not]: either '_integer_filter' #17
│     │              ├─ variant_0: integer #9
│     │              ├─ variant_1: struct #12
│     │              │  └─ [equals]: integer #9
│     │              ├─ variant_2: struct #13
│     │              │  └─ [not]: integer #9
│     │              ├─ variant_3: struct #14
│     │              │  ├─ [lt]: optional #10
│     │              │  │  └─ item: integer #9
│     │              │  ├─ [gt]: optional #10
│     │              │  │  └─ item: integer #9
│     │              │  ├─ [lte]: optional #10
│     │              │  │  └─ item: integer #9
│     │              │  └─ [gte]: optional #10
│     │              │     └─ item: integer #9
│     │              ├─ variant_4: struct #15
│     │              │  └─ [in]: array #11
│     │              │     └─ item: integer #9
│     │              └─ variant_5: struct #16
│     │                 └─ [notIn]: array #11
│     │                    └─ item: integer #9
│     ├─ [name]: optional '_61__string_filter_c?' #61
│     │  └─ item: optional '_string_filter_c' #37
│     │     └─ item: union #36
│     │        ├─ variant_0: union '_string_filter' #34
│     │        │  ├─ variant_0: string #22
│     │        │  ├─ variant_1: struct #25
│     │        │  │  └─ [equals]: string #22
│     │        │  ├─ variant_2: struct #26
│     │        │  │  └─ [not]: string #22
│     │        │  ├─ variant_3: struct #27
│     │        │  │  └─ [in]: array #24
│     │        │  │     └─ item: string #22
│     │        │  ├─ variant_4: struct #28
│     │        │  │  └─ [notIn]: array #24
│     │        │  │     └─ item: string #22
│     │        │  ├─ variant_5: struct #31
│     │        │  │  ├─ [contains]: string #22
│     │        │  │  └─ [mode]: optional #30
│     │        │  │     └─ item: string #29 enum{ '"insensitive"' }
│     │        │  ├─ variant_6: struct #32
│     │        │  │  └─ [search]: string #22
│     │        │  └─ variant_7: struct #33
│     │        │     ├─ [startsWith]: optional #23
│     │        │     │  └─ item: string #22
│     │        │     └─ [endsWith]: optional #23
│     │        │        └─ item: string #22
│     │        └─ variant_1: struct #35
│     │           └─ [not]: union '_string_filter' #34
│     │              ├─ variant_0: string #22
│     │              ├─ variant_1: struct #25
│     │              │  └─ [equals]: string #22
│     │              ├─ variant_2: struct #26
│     │              │  └─ [not]: string #22
│     │              ├─ variant_3: struct #27
│     │              │  └─ [in]: array #24
│     │              │     └─ item: string #22
│     │              ├─ variant_4: struct #28
│     │              │  └─ [notIn]: array #24
│     │              │     └─ item: string #22
│     │              ├─ variant_5: struct #31
│     │              │  ├─ [contains]: string #22
│     │              │  └─ [mode]: optional #30
│     │              │     └─ item: string #29 enum{ '"insensitive"' }
│     │              ├─ variant_6: struct #32
│     │              │  └─ [search]: string #22
│     │              └─ variant_7: struct #33
│     │                 ├─ [startsWith]: optional #23
│     │                 │  └─ item: string #22
│     │                 └─ [endsWith]: optional #23
│     │                    └─ item: string #22
│     └─ [posts]: optional #70
│        └─ item: union #69
│           ├─ variant_0: struct #64
│           │  └─ [every]: optional '_63_PostWhere?' #63
│           │     └─ item: &PostWhere #62
│           ├─ variant_1: struct #66
│           │  └─ [some]: optional '_65_PostWhere?' #65
│           │     └─ item: &PostWhere #62
│           └─ variant_2: struct #68
│              └─ [none]: optional '_67_PostWhere?' #67
│                 └─ item: &PostWhere #62
├─ [AND]: optional '_76__75_QueryPostWhereInput[]?' #76
│  └─ item: array '_75_QueryPostWhereInput[]' #75
│     └─ item: &QueryPostWhereInput #74
├─ [OR]: optional '_76__75_QueryPostWhereInput[]?' #76
│  └─ item: array '_75_QueryPostWhereInput[]' #75
│     └─ item: &QueryPostWhereInput #74
└─ [NOT]: optional '_77_QueryPostWhereInput?' #77
   └─ item: &QueryPostWhereInput #74

