---
source: src/typegraph/core/src/lib.rs
expression: typegraph.0
---
{
  "types": [
    {
      "type": "object",
      "title": "test",
      "runtime": 0,
      "policies": [],
      "config": {},
      "as_id": false,
      "properties": {
        "one": 1
      },
      "required": [
        "one"
      ]
    },
    {
      "type": "function",
      "title": "root_one_fn",
      "runtime": 0,
      "policies": [],
      "config": {},
      "as_id": false,
      "input": 2,
      "output": 4,
      "materializer": 0,
      "rate_weight": null,
      "rate_calls": false
    },
    {
      "type": "object",
      "title": "root_one_fn_input",
      "runtime": 0,
      "policies": [],
      "config": {},
      "as_id": false,
      "properties": {
        "one": 3,
        "two": 4,
        "three": 5
      },
      "required": []
    },
    {
      "type": "integer",
      "title": "root_one_fn_input_one_integer",
      "runtime": 0,
      "policies": [],
      "config": {},
      "as_id": false
    },
    {
      "type": "integer",
      "title": "root_one_fn_input_two_integer",
      "runtime": 0,
      "policies": [],
      "config": {},
      "as_id": false,
      "minimum": 12,
      "maximum": 44
    },
    {
      "type": "optional",
      "title": "root_one_fn_input_three_root_one_fn_input_three_root_one_fn_input_three_float_list_optional",
      "runtime": 0,
      "policies": [],
      "config": {},
      "as_id": false,
      "item": 6,
      "default_value": null
    },
    {
      "type": "list",
      "title": "root_one_fn_input_three_root_one_fn_input_three_float_list",
      "runtime": 0,
      "policies": [],
      "config": {},
      "as_id": false,
      "items": 7
    },
    {
      "type": "float",
      "title": "root_one_fn_input_three_float",
      "runtime": 0,
      "policies": [],
      "config": {},
      "as_id": false
    }
  ],
  "materializers": [
    {
      "name": "function",
      "runtime": 0,
      "effect": {
        "effect": "read",
        "idempotent": true
      },
      "data": {
        "script": "var _my_lambda = () => 12",
        "secrets": []
      }
    }
  ],
  "runtimes": [
    {
      "name": "deno",
      "data": {
        "worker": "default",
        "permissions": {}
      }
    }
  ],
  "policies": [],
  "meta": {
    "prefix": null,
    "secrets": [],
    "queries": {
      "dynamic": true,
      "endpoints": []
    },
    "cors": {
      "allow_origin": [],
      "allow_headers": [],
      "expose_headers": [],
      "allow_methods": [],
      "allow_credentials": false,
      "max_age_sec": null
    },
    "auths": [],
    "rate": null,
    "version": "0.0.3",
    "randomSeed": null,
    "artifacts": {}
  }
}
