export const snapshot = {};

snapshot[`Typegraph generation with GraphQL runtime 1`] = `
'{
  "types": [
    {
      "type": "object",
      "title": "graphql",
      "runtime": 0,
      "policies": [],
      "config": {},
      "as_id": false,
      "properties": {
        "user": 1,
        "users": 7,
        "createUser": 11,
        "create_message": 14,
        "messages": 27
      },
      "required": [
        "user",
        "users",
        "createUser",
        "create_message",
        "messages"
      ]
    },
    {
      "type": "function",
      "title": "root_user_fn",
      "runtime": 1,
      "policies": [
        0
      ],
      "config": {},
      "as_id": false,
      "input": 2,
      "output": 4,
      "materializer": 0,
      "rate_weight": null,
      "rate_calls": false
    },
    {
      "type": "object",
      "title": "root_user_fn_input",
      "runtime": 1,
      "policies": [],
      "config": {},
      "as_id": false,
      "properties": {
        "id": 3
      },
      "required": []
    },
    {
      "type": "string",
      "title": "root_user_fn_input_id_string",
      "runtime": 1,
      "policies": [],
      "config": {},
      "as_id": true
    },
    {
      "type": "object",
      "title": "User",
      "runtime": 1,
      "policies": [],
      "config": {},
      "as_id": false,
      "properties": {
        "id": 5,
        "name": 6
      },
      "required": []
    },
    {
      "type": "string",
      "title": "User_id_string",
      "runtime": 1,
      "policies": [],
      "config": {},
      "as_id": true
    },
    {
      "type": "string",
      "title": "User_name_string",
      "runtime": 1,
      "policies": [],
      "config": {},
      "as_id": false
    },
    {
      "type": "function",
      "title": "root_users_fn",
      "runtime": 1,
      "policies": [
        0
      ],
      "config": {},
      "as_id": false,
      "input": 8,
      "output": 9,
      "materializer": 2,
      "rate_weight": null,
      "rate_calls": false
    },
    {
      "type": "object",
      "title": "root_users_fn_input",
      "runtime": 1,
      "policies": [],
      "config": {},
      "as_id": false,
      "properties": {},
      "required": []
    },
    {
      "type": "object",
      "title": "root_users_fn_output",
      "runtime": 1,
      "policies": [],
      "config": {},
      "as_id": false,
      "properties": {
        "data": 10
      },
      "required": []
    },
    {
      "type": "list",
      "title": "root_users_fn_output_data_User_list",
      "runtime": 1,
      "policies": [],
      "config": {},
      "as_id": false,
      "items": 4
    },
    {
      "type": "function",
      "title": "root_createUser_fn",
      "runtime": 1,
      "policies": [
        0
      ],
      "config": {},
      "as_id": false,
      "input": 12,
      "output": 4,
      "materializer": 3,
      "rate_weight": null,
      "rate_calls": false
    },
    {
      "type": "object",
      "title": "root_createUser_fn_input",
      "runtime": 1,
      "policies": [],
      "config": {},
      "as_id": false,
      "properties": {
        "input": 13
      },
      "required": []
    },
    {
      "type": "object",
      "title": "CreateUserInput",
      "runtime": 1,
      "policies": [],
      "config": {},
      "as_id": false,
      "properties": {
        "name": 6,
        "username": 6,
        "email": 6
      },
      "required": []
    },
    {
      "type": "function",
      "title": "root_create_message_fn",
      "runtime": 2,
      "policies": [
        0
      ],
      "config": {},
      "as_id": false,
      "input": 23,
      "output": 26,
      "materializer": 4,
      "rate_weight": null,
      "rate_calls": false
    },
    {
      "type": "object",
      "title": "message",
      "runtime": 2,
      "policies": [],
      "config": {},
      "as_id": false,
      "properties": {
        "id": 16,
        "title": 17,
        "user_id": 18,
        "user": 19
      },
      "required": []
    },
    {
      "type": "integer",
      "title": "_message_CreateInput_id_integer",
      "runtime": 2,
      "policies": [],
      "config": {
        "auto": true
      },
      "as_id": true
    },
    {
      "type": "string",
      "title": "_message_CreateInput_title_string",
      "runtime": 2,
      "policies": [],
      "config": {},
      "as_id": false
    },
    {
      "type": "string",
      "title": "uid",
      "runtime": 2,
      "policies": [],
      "config": {},
      "as_id": false
    },
    {
      "type": "function",
      "title": "_messageOutputType_user_fn",
      "runtime": 1,
      "policies": [],
      "config": {},
      "as_id": false,
      "input": 20,
      "output": 22,
      "materializer": 5,
      "rate_weight": null,
      "rate_calls": false
    },
    {
      "type": "object",
      "title": "_messageOutputType_user_fn_input",
      "runtime": 1,
      "policies": [],
      "config": {},
      "as_id": false,
      "properties": {
        "id": 21
      },
      "required": []
    },
    {
      "type": "string",
      "title": "_messageOutputType_user_fn_input_id_string",
      "runtime": 1,
      "policies": [],
      "injection": {
        "source": "parent",
        "data": {
          "value": 18
        }
      },
      "config": {},
      "as_id": true
    },
    {
      "type": "optional",
      "title": "_messageOutputType_user_fn_output",
      "runtime": 1,
      "policies": [],
      "config": {},
      "as_id": false,
      "item": 4,
      "default_value": null
    },
    {
      "type": "object",
      "title": "root_create_message_fn_input",
      "runtime": 2,
      "policies": [],
      "config": {},
      "as_id": false,
      "properties": {
        "data": 24
      },
      "required": []
    },
    {
      "type": "object",
      "title": "_message_CreateInput",
      "runtime": 2,
      "policies": [],
      "config": {},
      "as_id": false,
      "properties": {
        "id": 25,
        "title": 17,
        "user_id": 18
      },
      "required": []
    },
    {
      "type": "optional",
      "title": "_message_CreateInput_id__message_CreateInput_id_integer_optional",
      "runtime": 2,
      "policies": [],
      "config": {},
      "as_id": false,
      "item": 16,
      "default_value": null
    },
    {
      "type": "object",
      "title": "_messageOutputType",
      "runtime": 2,
      "policies": [],
      "config": {},
      "as_id": false,
      "properties": {
        "id": 16,
        "title": 17,
        "user_id": 18,
        "user": 19
      },
      "required": []
    },
    {
      "type": "function",
      "title": "root_messages_fn",
      "runtime": 2,
      "policies": [
        0
      ],
      "config": {},
      "as_id": false,
      "input": 28,
      "output": 81,
      "materializer": 6,
      "rate_weight": null,
      "rate_calls": false
    },
    {
      "type": "object",
      "title": "_message_QueryInput",
      "runtime": 2,
      "policies": [],
      "config": {},
      "as_id": false,
      "properties": {
        "where": 29,
        "orderBy": 62,
        "take": 69,
        "skip": 71,
        "cursor": 73,
        "distinct": 78
      },
      "required": []
    },
    {
      "type": "optional",
      "title": "_message_QueryInput_where_QuerymessageWhereInput_optional",
      "runtime": 2,
      "policies": [],
      "config": {},
      "as_id": false,
      "item": 30,
      "default_value": null
    },
    {
      "type": "object",
      "title": "QuerymessageWhereInput",
      "runtime": 2,
      "policies": [],
      "config": {},
      "as_id": false,
      "properties": {
        "id": 31,
        "title": 44,
        "user_id": 44,
        "AND": 60,
        "OR": 60,
        "NOT": 29
      },
      "required": []
    },
    {
      "type": "optional",
      "title": "QuerymessageWhereInput_id__integer_filter_c_optional",
      "runtime": 2,
      "policies": [],
      "config": {},
      "as_id": false,
      "item": 32,
      "default_value": null
    },
    {
      "type": "optional",
      "title": "_integer_filter_c",
      "runtime": 2,
      "policies": [],
      "config": {},
      "as_id": false,
      "item": 33,
      "default_value": null
    },
    {
      "type": "union",
      "title": "QuerymessageWhereInput_id_union",
      "runtime": 2,
      "policies": [],
      "config": {},
      "as_id": false,
      "anyOf": [
        34,
        43
      ]
    },
    {
      "type": "either",
      "title": "_integer_filter",
      "runtime": 2,
      "policies": [],
      "config": {},
      "as_id": false,
      "oneOf": [
        35,
        36,
        37,
        38,
        40,
        42
      ]
    },
    {
      "type": "integer",
      "title": "_integer_filter_t0_integer",
      "runtime": 2,
      "policies": [],
      "config": {},
      "as_id": false
    },
    {
      "type": "object",
      "title": "_integer_filter_t1_struct",
      "runtime": 2,
      "policies": [],
      "config": {},
      "as_id": false,
      "properties": {
        "equals": 35
      },
      "required": []
    },
    {
      "type": "object",
      "title": "_integer_filter_t2_struct",
      "runtime": 2,
      "policies": [],
      "config": {},
      "as_id": false,
      "properties": {
        "not": 35
      },
      "required": []
    },
    {
      "type": "object",
      "title": "_integer_filter_t3_struct",
      "runtime": 2,
      "policies": [],
      "config": {},
      "as_id": false,
      "properties": {
        "lt": 39,
        "gt": 39,
        "lte": 39,
        "gte": 39
      },
      "required": []
    },
    {
      "type": "optional",
      "title": "_integer_filter_t3_struct_lt__integer_filter_t0_integer_optional",
      "runtime": 2,
      "policies": [],
      "config": {},
      "as_id": false,
      "item": 35,
      "default_value": null
    },
    {
      "type": "object",
      "title": "_integer_filter_t4_struct",
      "runtime": 2,
      "policies": [],
      "config": {},
      "as_id": false,
      "properties": {
        "in": 41
      },
      "required": []
    },
    {
      "type": "list",
      "title": "_integer_filter_t4_struct_in__integer_filter_t0_integer_list",
      "runtime": 2,
      "policies": [],
      "config": {},
      "as_id": false,
      "items": 35
    },
    {
      "type": "object",
      "title": "_integer_filter_t5_struct",
      "runtime": 2,
      "policies": [],
      "config": {},
      "as_id": false,
      "properties": {
        "notIn": 41
      },
      "required": []
    },
    {
      "type": "object",
      "title": "QuerymessageWhereInput_id_union_t1_struct",
      "runtime": 2,
      "policies": [],
      "config": {},
      "as_id": false,
      "properties": {
        "not": 34
      },
      "required": []
    },
    {
      "type": "optional",
      "title": "QuerymessageWhereInput_title__string_filter_c_optional",
      "runtime": 2,
      "policies": [],
      "config": {},
      "as_id": false,
      "item": 45,
      "default_value": null
    },
    {
      "type": "optional",
      "title": "_string_filter_c",
      "runtime": 2,
      "policies": [],
      "config": {},
      "as_id": false,
      "item": 46,
      "default_value": null
    },
    {
      "type": "union",
      "title": "QuerymessageWhereInput_title_union",
      "runtime": 2,
      "policies": [],
      "config": {},
      "as_id": false,
      "anyOf": [
        47,
        59
      ]
    },
    {
      "type": "union",
      "title": "_string_filter",
      "runtime": 2,
      "policies": [],
      "config": {},
      "as_id": false,
      "anyOf": [
        17,
        48,
        49,
        50,
        52,
        53,
        56,
        57
      ]
    },
    {
      "type": "object",
      "title": "_string_filter_t1_struct",
      "runtime": 2,
      "policies": [],
      "config": {},
      "as_id": false,
      "properties": {
        "equals": 17
      },
      "required": []
    },
    {
      "type": "object",
      "title": "_string_filter_t2_struct",
      "runtime": 2,
      "policies": [],
      "config": {},
      "as_id": false,
      "properties": {
        "not": 17
      },
      "required": []
    },
    {
      "type": "object",
      "title": "_string_filter_t3_struct",
      "runtime": 2,
      "policies": [],
      "config": {},
      "as_id": false,
      "properties": {
        "in": 51
      },
      "required": []
    },
    {
      "type": "list",
      "title": "_string_filter_t3_struct_in__message_CreateInput_title_string_list",
      "runtime": 2,
      "policies": [],
      "config": {},
      "as_id": false,
      "items": 17
    },
    {
      "type": "object",
      "title": "_string_filter_t4_struct",
      "runtime": 2,
      "policies": [],
      "config": {},
      "as_id": false,
      "properties": {
        "notIn": 51
      },
      "required": []
    },
    {
      "type": "object",
      "title": "_string_filter_t5_struct",
      "runtime": 2,
      "policies": [],
      "config": {},
      "as_id": false,
      "properties": {
        "contains": 17,
        "mode": 54
      },
      "required": []
    },
    {
      "type": "optional",
      "title": "_string_filter_t5_struct_mode__string_filter_t5_struct_mode_string_enum_optional",
      "runtime": 2,
      "policies": [],
      "config": {},
      "as_id": false,
      "item": 55,
      "default_value": null
    },
    {
      "type": "string",
      "title": "_string_filter_t5_struct_mode_string_enum",
      "runtime": 2,
      "policies": [],
      "enum": [
        "\\\\"insensitive\\\\""
      ],
      "config": {},
      "as_id": false
    },
    {
      "type": "object",
      "title": "_string_filter_t6_struct",
      "runtime": 2,
      "policies": [],
      "config": {},
      "as_id": false,
      "properties": {
        "search": 17
      },
      "required": []
    },
    {
      "type": "object",
      "title": "_string_filter_t7_struct",
      "runtime": 2,
      "policies": [],
      "config": {},
      "as_id": false,
      "properties": {
        "startsWith": 58,
        "endsWith": 58
      },
      "required": []
    },
    {
      "type": "optional",
      "title": "_string_filter_t7_struct_startsWith__message_CreateInput_title_string_optional",
      "runtime": 2,
      "policies": [],
      "config": {},
      "as_id": false,
      "item": 17,
      "default_value": null
    },
    {
      "type": "object",
      "title": "QuerymessageWhereInput_title_union_t1_struct",
      "runtime": 2,
      "policies": [],
      "config": {},
      "as_id": false,
      "properties": {
        "not": 47
      },
      "required": []
    },
    {
      "type": "optional",
      "title": "QuerymessageWhereInput_AND_QuerymessageWhereInput_AND_QuerymessageWhereInput_list_optional",
      "runtime": 2,
      "policies": [],
      "config": {},
      "as_id": false,
      "item": 61,
      "default_value": null
    },
    {
      "type": "list",
      "title": "QuerymessageWhereInput_AND_QuerymessageWhereInput_list",
      "runtime": 2,
      "policies": [],
      "config": {},
      "as_id": false,
      "items": 30
    },
    {
      "type": "optional",
      "title": "_message_QueryInput_orderBy__message_OrderBy_optional",
      "runtime": 2,
      "policies": [],
      "config": {},
      "as_id": false,
      "item": 63,
      "default_value": null
    },
    {
      "type": "list",
      "title": "_message_OrderBy",
      "runtime": 2,
      "policies": [],
      "config": {},
      "as_id": false,
      "items": 64
    },
    {
      "type": "object",
      "title": "_message_QueryInput_orderBy_struct",
      "runtime": 2,
      "policies": [],
      "config": {},
      "as_id": false,
      "properties": {
        "id": 65,
        "title": 65,
        "user_id": 65
      },
      "required": []
    },
    {
      "type": "optional",
      "title": "_Sort",
      "runtime": 2,
      "policies": [],
      "config": {},
      "as_id": false,
      "item": 66,
      "default_value": null
    },
    {
      "type": "union",
      "title": "_message_QueryInput_orderBy_struct_id_union",
      "runtime": 2,
      "policies": [],
      "config": {},
      "as_id": false,
      "anyOf": [
        67,
        68
      ]
    },
    {
      "type": "object",
      "title": "_message_QueryInput_orderBy_struct_id_union_t0_struct",
      "runtime": 2,
      "policies": [],
      "config": {},
      "as_id": false,
      "properties": {
        "sort": 68
      },
      "required": []
    },
    {
      "type": "string",
      "title": "_SortOrder",
      "runtime": 2,
      "policies": [],
      "enum": [
        "\\\\"asc\\\\"",
        "\\\\"desc\\\\""
      ],
      "config": {},
      "as_id": false
    },
    {
      "type": "optional",
      "title": "_message_QueryInput_take__Take_optional",
      "runtime": 2,
      "policies": [],
      "config": {},
      "as_id": false,
      "item": 70,
      "default_value": null
    },
    {
      "type": "integer",
      "title": "_Take",
      "runtime": 2,
      "policies": [],
      "config": {},
      "as_id": false,
      "exclusiveMinimum": 0
    },
    {
      "type": "optional",
      "title": "_message_QueryInput_skip__Skip_optional",
      "runtime": 2,
      "policies": [],
      "config": {},
      "as_id": false,
      "item": 72,
      "default_value": null
    },
    {
      "type": "integer",
      "title": "_Skip",
      "runtime": 2,
      "policies": [],
      "config": {},
      "as_id": false,
      "minimum": 0
    },
    {
      "type": "optional",
      "title": "_message_QueryInput_cursor__message_Cursor_optional",
      "runtime": 2,
      "policies": [],
      "config": {},
      "as_id": false,
      "item": 74,
      "default_value": null
    },
    {
      "type": "union",
      "title": "_message_Cursor",
      "runtime": 2,
      "policies": [],
      "config": {},
      "as_id": false,
      "anyOf": [
        75,
        76,
        77
      ]
    },
    {
      "type": "object",
      "title": "_message_Cursor_t0_struct",
      "runtime": 2,
      "policies": [],
      "config": {},
      "as_id": false,
      "properties": {
        "id": 16
      },
      "required": []
    },
    {
      "type": "object",
      "title": "_message_Cursor_t1_struct",
      "runtime": 2,
      "policies": [],
      "config": {},
      "as_id": false,
      "properties": {
        "title": 17
      },
      "required": []
    },
    {
      "type": "object",
      "title": "_message_Cursor_t2_struct",
      "runtime": 2,
      "policies": [],
      "config": {},
      "as_id": false,
      "properties": {
        "user_id": 18
      },
      "required": []
    },
    {
      "type": "optional",
      "title": "_message_QueryInput_distinct__KeysOf_message_optional",
      "runtime": 2,
      "policies": [],
      "config": {},
      "as_id": false,
      "item": 79,
      "default_value": null
    },
    {
      "type": "list",
      "title": "_KeysOf_message",
      "runtime": 2,
      "policies": [],
      "config": {},
      "as_id": false,
      "items": 80
    },
    {
      "type": "string",
      "title": "_message_QueryInput_distinct_string_enum",
      "runtime": 2,
      "policies": [],
      "enum": [
        "\\\\"id\\\\"",
        "\\\\"title\\\\"",
        "\\\\"user_id\\\\""
      ],
      "config": {},
      "as_id": false
    },
    {
      "type": "list",
      "title": "root_messages_fn_output",
      "runtime": 2,
      "policies": [],
      "config": {},
      "as_id": false,
      "items": 82
    },
    {
      "type": "object",
      "title": "messageWithNestedCount",
      "runtime": 2,
      "policies": [],
      "config": {},
      "as_id": false,
      "properties": {
        "id": 16,
        "title": 17,
        "user_id": 18,
        "user": 19
      },
      "required": []
    }
  ],
  "materializers": [
    {
      "name": "query",
      "runtime": 1,
      "effect": {
        "effect": "read",
        "idempotent": true
      },
      "data": {
        "path": null
      }
    },
    {
      "name": "predefined_function",
      "runtime": 0,
      "effect": {
        "effect": "read",
        "idempotent": true
      },
      "data": {
        "name": "true"
      }
    },
    {
      "name": "query",
      "runtime": 1,
      "effect": {
        "effect": "read",
        "idempotent": true
      },
      "data": {
        "path": null
      }
    },
    {
      "name": "mutation",
      "runtime": 1,
      "effect": {
        "effect": "create",
        "idempotent": false
      },
      "data": {
        "path": null
      }
    },
    {
      "name": "prisma_operation",
      "runtime": 2,
      "effect": {
        "effect": "create",
        "idempotent": false
      },
      "data": {
        "table": "message",
        "operation": "createOne"
      }
    },
    {
      "name": "query",
      "runtime": 1,
      "effect": {
        "effect": "read",
        "idempotent": true
      },
      "data": {
        "path": null
      }
    },
    {
      "name": "prisma_operation",
      "runtime": 2,
      "effect": {
        "effect": "read",
        "idempotent": true
      },
      "data": {
        "table": "message",
        "operation": "findMany"
      }
    }
  ],
  "runtimes": [
    {
      "name": "deno",
      "data": {
        "worker": "default",
        "permissions": {}
      }
    },
    {
      "name": "graphql",
      "data": {
        "endpoint": "https://graphqlzero.almansi.me/api"
      }
    },
    {
      "name": "prisma",
      "data": {
        "name": "graphql",
        "connection_string_secret": "POSTGRES",
        "models": [
          {
            "typeIdx": 15,
            "typeName": "message",
            "props": [
              {
                "type": "scalar",
                "key": "id",
                "propType": {
                  "type": "Int"
                },
                "cardinality": "one",
                "typeIdx": 16,
                "injection": null,
                "unique": false,
                "auto": true,
                "defaultValue": null
              },
              {
                "type": "scalar",
                "key": "title",
                "propType": {
                  "type": "String",
                  "format": "Plain"
                },
                "cardinality": "one",
                "typeIdx": 17,
                "injection": null,
                "unique": false,
                "auto": false,
                "defaultValue": null
              },
              {
                "type": "scalar",
                "key": "user_id",
                "propType": {
                  "type": "String",
                  "format": "Plain"
                },
                "cardinality": "one",
                "typeIdx": 18,
                "injection": null,
                "unique": false,
                "auto": false,
                "defaultValue": null
              }
            ],
            "idFields": [
              "id"
            ],
            "uniqueConstraints": []
          }
        ],
        "relationships": [],
        "migration_options": {
          "migration_files": null,
          "create": false,
          "reset": false
        }
      }
    }
  ],
  "policies": [
    {
      "name": "__public",
      "materializer": 1
    }
  ],
  "meta": {
    "prefix": null,
    "secrets": [],
    "queries": {
      "dynamic": true,
      "endpoints": []
    },
    "cors": {
      "allow_origin": [],
      "allow_headers": [],
      "expose_headers": [],
      "allow_methods": [],
      "allow_credentials": true,
      "max_age_sec": null
    },
    "auths": [],
    "rate": null,
    "version": "0.0.3",
    "randomSeed": null,
    "artifacts": {}
  }
}'
`;
