---
source: src/typegraph/core/src/runtimes/prisma/type_generation/query_where_expr.rs
expression: "tree::print(post_where_expr)"
---
root: struct 'QueryPostWhereInput' #78
├── [AND]: optional 'optional_76' #76
│   └── item: list 'list_75' #75
│       └── item: &QueryPostWhereInput #74
├── [NOT]: optional 'optional_77' #77
│   └── item: &QueryPostWhereInput #74
├── [OR]: optional 'optional_76' #76
│   └── item: list 'list_75' #75
│       └── item: &QueryPostWhereInput #74
├── [author]: optional 'optional_72' #72
│   └── item: struct 'UserWhere__skip_8_PostWhere' #71
│       ├── [id]: optional 'optional_60' #60
│       │   └── item: optional '_integer_filter_c' #20
│       │       └── item: union #19
│       │           ├── variant_0: either '_integer_filter' #17
│       │           │   ├── variant_0: integer #9
│       │           │   ├── variant_1: struct #12
│       │           │   │   └── [equals]: integer #9
│       │           │   ├── variant_2: struct #13
│       │           │   │   └── [not]: integer #9
│       │           │   ├── variant_3: struct #14
│       │           │   │   ├── [gt]: optional 'optional_10' #10
│       │           │   │   │   └── item: integer #9
│       │           │   │   ├── [gte]: optional 'optional_10' #10
│       │           │   │   │   └── item: integer #9
│       │           │   │   ├── [lt]: optional 'optional_10' #10
│       │           │   │   │   └── item: integer #9
│       │           │   │   └── [lte]: optional 'optional_10' #10
│       │           │   │       └── item: integer #9
│       │           │   ├── variant_4: struct #15
│       │           │   │   └── [in]: list 'list_11' #11
│       │           │   │       └── item: integer #9
│       │           │   └── variant_5: struct #16
│       │           │       └── [notIn]: list 'list_11' #11
│       │           │           └── item: integer #9
│       │           └── variant_1: struct #18
│       │               └── [not]: either '_integer_filter' #17
│       │                   ├── variant_0: integer #9
│       │                   ├── variant_1: struct #12
│       │                   │   └── [equals]: integer #9
│       │                   ├── variant_2: struct #13
│       │                   │   └── [not]: integer #9
│       │                   ├── variant_3: struct #14
│       │                   │   ├── [gt]: optional 'optional_10' #10
│       │                   │   │   └── item: integer #9
│       │                   │   ├── [gte]: optional 'optional_10' #10
│       │                   │   │   └── item: integer #9
│       │                   │   ├── [lt]: optional 'optional_10' #10
│       │                   │   │   └── item: integer #9
│       │                   │   └── [lte]: optional 'optional_10' #10
│       │                   │       └── item: integer #9
│       │                   ├── variant_4: struct #15
│       │                   │   └── [in]: list 'list_11' #11
│       │                   │       └── item: integer #9
│       │                   └── variant_5: struct #16
│       │                       └── [notIn]: list 'list_11' #11
│       │                           └── item: integer #9
│       ├── [name]: optional 'optional_61' #61
│       │   └── item: optional '_string_filter_c' #37
│       │       └── item: union #36
│       │           ├── variant_0: union '_string_filter' #34
│       │           │   ├── variant_0: string #22
│       │           │   ├── variant_1: struct #25
│       │           │   │   └── [equals]: string #22
│       │           │   ├── variant_2: struct #26
│       │           │   │   └── [not]: string #22
│       │           │   ├── variant_3: struct #27
│       │           │   │   └── [in]: list 'list_24' #24
│       │           │   │       └── item: string #22
│       │           │   ├── variant_4: struct #28
│       │           │   │   └── [notIn]: list 'list_24' #24
│       │           │   │       └── item: string #22
│       │           │   ├── variant_5: struct #31
│       │           │   │   ├── [contains]: string #22
│       │           │   │   └── [mode]: optional 'optional_30' #30
│       │           │   │       └── item: string #29 enum{ '"insensitive"' }
│       │           │   ├── variant_6: struct #32
│       │           │   │   └── [search]: string #22
│       │           │   └── variant_7: struct #33
│       │           │       ├── [endsWith]: optional 'optional_23' #23
│       │           │       │   └── item: string #22
│       │           │       └── [startsWith]: optional 'optional_23' #23
│       │           │           └── item: string #22
│       │           └── variant_1: struct #35
│       │               └── [not]: union '_string_filter' #34
│       │                   ├── variant_0: string #22
│       │                   ├── variant_1: struct #25
│       │                   │   └── [equals]: string #22
│       │                   ├── variant_2: struct #26
│       │                   │   └── [not]: string #22
│       │                   ├── variant_3: struct #27
│       │                   │   └── [in]: list 'list_24' #24
│       │                   │       └── item: string #22
│       │                   ├── variant_4: struct #28
│       │                   │   └── [notIn]: list 'list_24' #24
│       │                   │       └── item: string #22
│       │                   ├── variant_5: struct #31
│       │                   │   ├── [contains]: string #22
│       │                   │   └── [mode]: optional 'optional_30' #30
│       │                   │       └── item: string #29 enum{ '"insensitive"' }
│       │                   ├── variant_6: struct #32
│       │                   │   └── [search]: string #22
│       │                   └── variant_7: struct #33
│       │                       ├── [endsWith]: optional 'optional_23' #23
│       │                       │   └── item: string #22
│       │                       └── [startsWith]: optional 'optional_23' #23
│       │                           └── item: string #22
│       └── [posts]: optional 'optional_70' #70
│           └── item: union #69
│               ├── variant_0: struct #64
│               │   └── [every]: optional 'optional_63' #63
│               │       └── item: &PostWhere #62
│               ├── variant_1: struct #66
│               │   └── [some]: optional 'optional_65' #65
│               │       └── item: &PostWhere #62
│               └── variant_2: struct #68
│                   └── [none]: optional 'optional_67' #67
│                       └── item: &PostWhere #62
├── [id]: optional 'optional_58' #58
│   └── item: optional '_integer_filter_c' #20
│       └── item: union #19
│           ├── variant_0: either '_integer_filter' #17
│           │   ├── variant_0: integer #9
│           │   ├── variant_1: struct #12
│           │   │   └── [equals]: integer #9
│           │   ├── variant_2: struct #13
│           │   │   └── [not]: integer #9
│           │   ├── variant_3: struct #14
│           │   │   ├── [gt]: optional 'optional_10' #10
│           │   │   │   └── item: integer #9
│           │   │   ├── [gte]: optional 'optional_10' #10
│           │   │   │   └── item: integer #9
│           │   │   ├── [lt]: optional 'optional_10' #10
│           │   │   │   └── item: integer #9
│           │   │   └── [lte]: optional 'optional_10' #10
│           │   │       └── item: integer #9
│           │   ├── variant_4: struct #15
│           │   │   └── [in]: list 'list_11' #11
│           │   │       └── item: integer #9
│           │   └── variant_5: struct #16
│           │       └── [notIn]: list 'list_11' #11
│           │           └── item: integer #9
│           └── variant_1: struct #18
│               └── [not]: either '_integer_filter' #17
│                   ├── variant_0: integer #9
│                   ├── variant_1: struct #12
│                   │   └── [equals]: integer #9
│                   ├── variant_2: struct #13
│                   │   └── [not]: integer #9
│                   ├── variant_3: struct #14
│                   │   ├── [gt]: optional 'optional_10' #10
│                   │   │   └── item: integer #9
│                   │   ├── [gte]: optional 'optional_10' #10
│                   │   │   └── item: integer #9
│                   │   ├── [lt]: optional 'optional_10' #10
│                   │   │   └── item: integer #9
│                   │   └── [lte]: optional 'optional_10' #10
│                   │       └── item: integer #9
│                   ├── variant_4: struct #15
│                   │   └── [in]: list 'list_11' #11
│                   │       └── item: integer #9
│                   └── variant_5: struct #16
│                       └── [notIn]: list 'list_11' #11
│                           └── item: integer #9
└── [title]: optional 'optional_59' #59
    └── item: optional '_string_filter_c' #37
        └── item: union #36
            ├── variant_0: union '_string_filter' #34
            │   ├── variant_0: string #22
            │   ├── variant_1: struct #25
            │   │   └── [equals]: string #22
            │   ├── variant_2: struct #26
            │   │   └── [not]: string #22
            │   ├── variant_3: struct #27
            │   │   └── [in]: list 'list_24' #24
            │   │       └── item: string #22
            │   ├── variant_4: struct #28
            │   │   └── [notIn]: list 'list_24' #24
            │   │       └── item: string #22
            │   ├── variant_5: struct #31
            │   │   ├── [contains]: string #22
            │   │   └── [mode]: optional 'optional_30' #30
            │   │       └── item: string #29 enum{ '"insensitive"' }
            │   ├── variant_6: struct #32
            │   │   └── [search]: string #22
            │   └── variant_7: struct #33
            │       ├── [endsWith]: optional 'optional_23' #23
            │       │   └── item: string #22
            │       └── [startsWith]: optional 'optional_23' #23
            │           └── item: string #22
            └── variant_1: struct #35
                └── [not]: union '_string_filter' #34
                    ├── variant_0: string #22
                    ├── variant_1: struct #25
                    │   └── [equals]: string #22
                    ├── variant_2: struct #26
                    │   └── [not]: string #22
                    ├── variant_3: struct #27
                    │   └── [in]: list 'list_24' #24
                    │       └── item: string #22
                    ├── variant_4: struct #28
                    │   └── [notIn]: list 'list_24' #24
                    │       └── item: string #22
                    ├── variant_5: struct #31
                    │   ├── [contains]: string #22
                    │   └── [mode]: optional 'optional_30' #30
                    │       └── item: string #29 enum{ '"insensitive"' }
                    ├── variant_6: struct #32
                    │   └── [search]: string #22
                    └── variant_7: struct #33
                        ├── [endsWith]: optional 'optional_23' #23
                        │   └── item: string #22
                        └── [startsWith]: optional 'optional_23' #23
                            └── item: string #22
