---
source: src/typegraph/core/src/runtimes/prisma/type_generation/mod.rs
expression: tp.print(inp)
---
root: struct '_Record_QueryInput_group_by' #105
├─ [by]: list '_Record_GroupingFields' #73
│  └─ item: string #72 enum{ '"id"', '"name"', '"age"', '"created_at"' }
├─ [cursor]: optional 'optional_71' #71
│  └─ item: union '_Record_Cursor' #70
│     ├─ variant_0: struct #66
│     │  └─ [id]: string #2
│     ├─ variant_1: struct #67
│     │  └─ [name]: string #3
│     ├─ variant_2: struct #68
│     │  └─ [age]: integer #4
│     └─ variant_3: struct #69
│        └─ [created_at]: string #1
├─ [having]: optional 'optional_104' #104
│  └─ item: union '_Record_Having' #103
│     ├─ variant_0: struct 'RecordWhere__agg' #96
│     │  ├─ [age]: optional 'optional_94' #94
│     │  │  └─ item: optional '_integer_filter_with_aggregates_c' #93
│     │  │     └─ item: union #92
│     │  │        ├─ variant_0: union '_integer_filter_with_aggregates' #90
│     │  │        │  ├─ variant_0: either '_integer_filter' #33
│     │  │        │  │  ├─ variant_0: integer #25
│     │  │        │  │  ├─ variant_1: struct #28
│     │  │        │  │  │  └─ [equals]: integer #25
│     │  │        │  │  ├─ variant_2: struct #29
│     │  │        │  │  │  └─ [not]: integer #25
│     │  │        │  │  ├─ variant_3: struct #30
│     │  │        │  │  │  ├─ [gt]: optional 'optional_26' #26
│     │  │        │  │  │  │  └─ item: integer #25
│     │  │        │  │  │  ├─ [gte]: optional 'optional_26' #26
│     │  │        │  │  │  │  └─ item: integer #25
│     │  │        │  │  │  ├─ [lt]: optional 'optional_26' #26
│     │  │        │  │  │  │  └─ item: integer #25
│     │  │        │  │  │  └─ [lte]: optional 'optional_26' #26
│     │  │        │  │  │     └─ item: integer #25
│     │  │        │  │  ├─ variant_4: struct #31
│     │  │        │  │  │  └─ [in]: list 'list_27' #27
│     │  │        │  │  │     └─ item: integer #25
│     │  │        │  │  └─ variant_5: struct #32
│     │  │        │  │     └─ [notIn]: list 'list_27' #27
│     │  │        │  │        └─ item: integer #25
│     │  │        │  ├─ variant_1: struct #85
│     │  │        │  │  └─ [_count]: either '_integer_filter' #33
│     │  │        │  │     ├─ variant_0: integer #25
│     │  │        │  │     ├─ variant_1: struct #28
│     │  │        │  │     │  └─ [equals]: integer #25
│     │  │        │  │     ├─ variant_2: struct #29
│     │  │        │  │     │  └─ [not]: integer #25
│     │  │        │  │     ├─ variant_3: struct #30
│     │  │        │  │     │  ├─ [gt]: optional 'optional_26' #26
│     │  │        │  │     │  │  └─ item: integer #25
│     │  │        │  │     │  ├─ [gte]: optional 'optional_26' #26
│     │  │        │  │     │  │  └─ item: integer #25
│     │  │        │  │     │  ├─ [lt]: optional 'optional_26' #26
│     │  │        │  │     │  │  └─ item: integer #25
│     │  │        │  │     │  └─ [lte]: optional 'optional_26' #26
│     │  │        │  │     │     └─ item: integer #25
│     │  │        │  │     ├─ variant_4: struct #31
│     │  │        │  │     │  └─ [in]: list 'list_27' #27
│     │  │        │  │     │     └─ item: integer #25
│     │  │        │  │     └─ variant_5: struct #32
│     │  │        │  │        └─ [notIn]: list 'list_27' #27
│     │  │        │  │           └─ item: integer #25
│     │  │        │  ├─ variant_2: struct #86
│     │  │        │  │  └─ [_sum]: either '_integer_filter' #33
│     │  │        │  │     ├─ variant_0: integer #25
│     │  │        │  │     ├─ variant_1: struct #28
│     │  │        │  │     │  └─ [equals]: integer #25
│     │  │        │  │     ├─ variant_2: struct #29
│     │  │        │  │     │  └─ [not]: integer #25
│     │  │        │  │     ├─ variant_3: struct #30
│     │  │        │  │     │  ├─ [gt]: optional 'optional_26' #26
│     │  │        │  │     │  │  └─ item: integer #25
│     │  │        │  │     │  ├─ [gte]: optional 'optional_26' #26
│     │  │        │  │     │  │  └─ item: integer #25
│     │  │        │  │     │  ├─ [lt]: optional 'optional_26' #26
│     │  │        │  │     │  │  └─ item: integer #25
│     │  │        │  │     │  └─ [lte]: optional 'optional_26' #26
│     │  │        │  │     │     └─ item: integer #25
│     │  │        │  │     ├─ variant_4: struct #31
│     │  │        │  │     │  └─ [in]: list 'list_27' #27
│     │  │        │  │     │     └─ item: integer #25
│     │  │        │  │     └─ variant_5: struct #32
│     │  │        │  │        └─ [notIn]: list 'list_27' #27
│     │  │        │  │           └─ item: integer #25
│     │  │        │  ├─ variant_3: struct #87
│     │  │        │  │  └─ [_avg]: either '_float_filter' #84
│     │  │        │  │     ├─ variant_0: float #76
│     │  │        │  │     ├─ variant_1: struct #79
│     │  │        │  │     │  └─ [equals]: float #76
│     │  │        │  │     ├─ variant_2: struct #80
│     │  │        │  │     │  └─ [not]: float #76
│     │  │        │  │     ├─ variant_3: struct #81
│     │  │        │  │     │  ├─ [gt]: optional 'optional_77' #77
│     │  │        │  │     │  │  └─ item: float #76
│     │  │        │  │     │  ├─ [gte]: optional 'optional_77' #77
│     │  │        │  │     │  │  └─ item: float #76
│     │  │        │  │     │  ├─ [lt]: optional 'optional_77' #77
│     │  │        │  │     │  │  └─ item: float #76
│     │  │        │  │     │  └─ [lte]: optional 'optional_77' #77
│     │  │        │  │     │     └─ item: float #76
│     │  │        │  │     ├─ variant_4: struct #82
│     │  │        │  │     │  └─ [in]: list 'list_78' #78
│     │  │        │  │     │     └─ item: float #76
│     │  │        │  │     └─ variant_5: struct #83
│     │  │        │  │        └─ [notIn]: list 'list_78' #78
│     │  │        │  │           └─ item: float #76
│     │  │        │  ├─ variant_4: struct #88
│     │  │        │  │  └─ [_min]: either '_integer_filter' #33
│     │  │        │  │     ├─ variant_0: integer #25
│     │  │        │  │     ├─ variant_1: struct #28
│     │  │        │  │     │  └─ [equals]: integer #25
│     │  │        │  │     ├─ variant_2: struct #29
│     │  │        │  │     │  └─ [not]: integer #25
│     │  │        │  │     ├─ variant_3: struct #30
│     │  │        │  │     │  ├─ [gt]: optional 'optional_26' #26
│     │  │        │  │     │  │  └─ item: integer #25
│     │  │        │  │     │  ├─ [gte]: optional 'optional_26' #26
│     │  │        │  │     │  │  └─ item: integer #25
│     │  │        │  │     │  ├─ [lt]: optional 'optional_26' #26
│     │  │        │  │     │  │  └─ item: integer #25
│     │  │        │  │     │  └─ [lte]: optional 'optional_26' #26
│     │  │        │  │     │     └─ item: integer #25
│     │  │        │  │     ├─ variant_4: struct #31
│     │  │        │  │     │  └─ [in]: list 'list_27' #27
│     │  │        │  │     │     └─ item: integer #25
│     │  │        │  │     └─ variant_5: struct #32
│     │  │        │  │        └─ [notIn]: list 'list_27' #27
│     │  │        │  │           └─ item: integer #25
│     │  │        │  └─ variant_5: struct #89
│     │  │        │     └─ [_max]: either '_integer_filter' #33
│     │  │        │        ├─ variant_0: integer #25
│     │  │        │        ├─ variant_1: struct #28
│     │  │        │        │  └─ [equals]: integer #25
│     │  │        │        ├─ variant_2: struct #29
│     │  │        │        │  └─ [not]: integer #25
│     │  │        │        ├─ variant_3: struct #30
│     │  │        │        │  ├─ [gt]: optional 'optional_26' #26
│     │  │        │        │  │  └─ item: integer #25
│     │  │        │        │  ├─ [gte]: optional 'optional_26' #26
│     │  │        │        │  │  └─ item: integer #25
│     │  │        │        │  ├─ [lt]: optional 'optional_26' #26
│     │  │        │        │  │  └─ item: integer #25
│     │  │        │        │  └─ [lte]: optional 'optional_26' #26
│     │  │        │        │     └─ item: integer #25
│     │  │        │        ├─ variant_4: struct #31
│     │  │        │        │  └─ [in]: list 'list_27' #27
│     │  │        │        │     └─ item: integer #25
│     │  │        │        └─ variant_5: struct #32
│     │  │        │           └─ [notIn]: list 'list_27' #27
│     │  │        │              └─ item: integer #25
│     │  │        └─ variant_1: struct #91
│     │  │           └─ [not]: union '_integer_filter_with_aggregates' #90
│     │  │              ├─ variant_0: either '_integer_filter' #33
│     │  │              │  ├─ variant_0: integer #25
│     │  │              │  ├─ variant_1: struct #28
│     │  │              │  │  └─ [equals]: integer #25
│     │  │              │  ├─ variant_2: struct #29
│     │  │              │  │  └─ [not]: integer #25
│     │  │              │  ├─ variant_3: struct #30
│     │  │              │  │  ├─ [gt]: optional 'optional_26' #26
│     │  │              │  │  │  └─ item: integer #25
│     │  │              │  │  ├─ [gte]: optional 'optional_26' #26
│     │  │              │  │  │  └─ item: integer #25
│     │  │              │  │  ├─ [lt]: optional 'optional_26' #26
│     │  │              │  │  │  └─ item: integer #25
│     │  │              │  │  └─ [lte]: optional 'optional_26' #26
│     │  │              │  │     └─ item: integer #25
│     │  │              │  ├─ variant_4: struct #31
│     │  │              │  │  └─ [in]: list 'list_27' #27
│     │  │              │  │     └─ item: integer #25
│     │  │              │  └─ variant_5: struct #32
│     │  │              │     └─ [notIn]: list 'list_27' #27
│     │  │              │        └─ item: integer #25
│     │  │              ├─ variant_1: struct #85
│     │  │              │  └─ [_count]: either '_integer_filter' #33
│     │  │              │     ├─ variant_0: integer #25
│     │  │              │     ├─ variant_1: struct #28
│     │  │              │     │  └─ [equals]: integer #25
│     │  │              │     ├─ variant_2: struct #29
│     │  │              │     │  └─ [not]: integer #25
│     │  │              │     ├─ variant_3: struct #30
│     │  │              │     │  ├─ [gt]: optional 'optional_26' #26
│     │  │              │     │  │  └─ item: integer #25
│     │  │              │     │  ├─ [gte]: optional 'optional_26' #26
│     │  │              │     │  │  └─ item: integer #25
│     │  │              │     │  ├─ [lt]: optional 'optional_26' #26
│     │  │              │     │  │  └─ item: integer #25
│     │  │              │     │  └─ [lte]: optional 'optional_26' #26
│     │  │              │     │     └─ item: integer #25
│     │  │              │     ├─ variant_4: struct #31
│     │  │              │     │  └─ [in]: list 'list_27' #27
│     │  │              │     │     └─ item: integer #25
│     │  │              │     └─ variant_5: struct #32
│     │  │              │        └─ [notIn]: list 'list_27' #27
│     │  │              │           └─ item: integer #25
│     │  │              ├─ variant_2: struct #86
│     │  │              │  └─ [_sum]: either '_integer_filter' #33
│     │  │              │     ├─ variant_0: integer #25
│     │  │              │     ├─ variant_1: struct #28
│     │  │              │     │  └─ [equals]: integer #25
│     │  │              │     ├─ variant_2: struct #29
│     │  │              │     │  └─ [not]: integer #25
│     │  │              │     ├─ variant_3: struct #30
│     │  │              │     │  ├─ [gt]: optional 'optional_26' #26
│     │  │              │     │  │  └─ item: integer #25
│     │  │              │     │  ├─ [gte]: optional 'optional_26' #26
│     │  │              │     │  │  └─ item: integer #25
│     │  │              │     │  ├─ [lt]: optional 'optional_26' #26
│     │  │              │     │  │  └─ item: integer #25
│     │  │              │     │  └─ [lte]: optional 'optional_26' #26
│     │  │              │     │     └─ item: integer #25
│     │  │              │     ├─ variant_4: struct #31
│     │  │              │     │  └─ [in]: list 'list_27' #27
│     │  │              │     │     └─ item: integer #25
│     │  │              │     └─ variant_5: struct #32
│     │  │              │        └─ [notIn]: list 'list_27' #27
│     │  │              │           └─ item: integer #25
│     │  │              ├─ variant_3: struct #87
│     │  │              │  └─ [_avg]: either '_float_filter' #84
│     │  │              │     ├─ variant_0: float #76
│     │  │              │     ├─ variant_1: struct #79
│     │  │              │     │  └─ [equals]: float #76
│     │  │              │     ├─ variant_2: struct #80
│     │  │              │     │  └─ [not]: float #76
│     │  │              │     ├─ variant_3: struct #81
│     │  │              │     │  ├─ [gt]: optional 'optional_77' #77
│     │  │              │     │  │  └─ item: float #76
│     │  │              │     │  ├─ [gte]: optional 'optional_77' #77
│     │  │              │     │  │  └─ item: float #76
│     │  │              │     │  ├─ [lt]: optional 'optional_77' #77
│     │  │              │     │  │  └─ item: float #76
│     │  │              │     │  └─ [lte]: optional 'optional_77' #77
│     │  │              │     │     └─ item: float #76
│     │  │              │     ├─ variant_4: struct #82
│     │  │              │     │  └─ [in]: list 'list_78' #78
│     │  │              │     │     └─ item: float #76
│     │  │              │     └─ variant_5: struct #83
│     │  │              │        └─ [notIn]: list 'list_78' #78
│     │  │              │           └─ item: float #76
│     │  │              ├─ variant_4: struct #88
│     │  │              │  └─ [_min]: either '_integer_filter' #33
│     │  │              │     ├─ variant_0: integer #25
│     │  │              │     ├─ variant_1: struct #28
│     │  │              │     │  └─ [equals]: integer #25
│     │  │              │     ├─ variant_2: struct #29
│     │  │              │     │  └─ [not]: integer #25
│     │  │              │     ├─ variant_3: struct #30
│     │  │              │     │  ├─ [gt]: optional 'optional_26' #26
│     │  │              │     │  │  └─ item: integer #25
│     │  │              │     │  ├─ [gte]: optional 'optional_26' #26
│     │  │              │     │  │  └─ item: integer #25
│     │  │              │     │  ├─ [lt]: optional 'optional_26' #26
│     │  │              │     │  │  └─ item: integer #25
│     │  │              │     │  └─ [lte]: optional 'optional_26' #26
│     │  │              │     │     └─ item: integer #25
│     │  │              │     ├─ variant_4: struct #31
│     │  │              │     │  └─ [in]: list 'list_27' #27
│     │  │              │     │     └─ item: integer #25
│     │  │              │     └─ variant_5: struct #32
│     │  │              │        └─ [notIn]: list 'list_27' #27
│     │  │              │           └─ item: integer #25
│     │  │              └─ variant_5: struct #89
│     │  │                 └─ [_max]: either '_integer_filter' #33
│     │  │                    ├─ variant_0: integer #25
│     │  │                    ├─ variant_1: struct #28
│     │  │                    │  └─ [equals]: integer #25
│     │  │                    ├─ variant_2: struct #29
│     │  │                    │  └─ [not]: integer #25
│     │  │                    ├─ variant_3: struct #30
│     │  │                    │  ├─ [gt]: optional 'optional_26' #26
│     │  │                    │  │  └─ item: integer #25
│     │  │                    │  ├─ [gte]: optional 'optional_26' #26
│     │  │                    │  │  └─ item: integer #25
│     │  │                    │  ├─ [lt]: optional 'optional_26' #26
│     │  │                    │  │  └─ item: integer #25
│     │  │                    │  └─ [lte]: optional 'optional_26' #26
│     │  │                    │     └─ item: integer #25
│     │  │                    ├─ variant_4: struct #31
│     │  │                    │  └─ [in]: list 'list_27' #27
│     │  │                    │     └─ item: integer #25
│     │  │                    └─ variant_5: struct #32
│     │  │                       └─ [notIn]: list 'list_27' #27
│     │  │                          └─ item: integer #25
│     │  ├─ [created_at]: optional 'optional_95' #95
│     │  │  └─ item: optional '_string_filter_c' #22
│     │  │     └─ item: union #21
│     │  │        ├─ variant_0: union '_string_filter' #19
│     │  │        │  ├─ variant_0: string #7
│     │  │        │  ├─ variant_1: struct #10
│     │  │        │  │  └─ [equals]: string #7
│     │  │        │  ├─ variant_2: struct #11
│     │  │        │  │  └─ [not]: string #7
│     │  │        │  ├─ variant_3: struct #12
│     │  │        │  │  └─ [in]: list 'list_9' #9
│     │  │        │  │     └─ item: string #7
│     │  │        │  ├─ variant_4: struct #13
│     │  │        │  │  └─ [notIn]: list 'list_9' #9
│     │  │        │  │     └─ item: string #7
│     │  │        │  ├─ variant_5: struct #16
│     │  │        │  │  ├─ [contains]: string #7
│     │  │        │  │  └─ [mode]: optional 'optional_15' #15
│     │  │        │  │     └─ item: string #14 enum{ '"insensitive"' }
│     │  │        │  ├─ variant_6: struct #17
│     │  │        │  │  └─ [search]: string #7
│     │  │        │  └─ variant_7: struct #18
│     │  │        │     ├─ [endsWith]: optional 'optional_8' #8
│     │  │        │     │  └─ item: string #7
│     │  │        │     └─ [startsWith]: optional 'optional_8' #8
│     │  │        │        └─ item: string #7
│     │  │        └─ variant_1: struct #20
│     │  │           └─ [not]: union '_string_filter' #19
│     │  │              ├─ variant_0: string #7
│     │  │              ├─ variant_1: struct #10
│     │  │              │  └─ [equals]: string #7
│     │  │              ├─ variant_2: struct #11
│     │  │              │  └─ [not]: string #7
│     │  │              ├─ variant_3: struct #12
│     │  │              │  └─ [in]: list 'list_9' #9
│     │  │              │     └─ item: string #7
│     │  │              ├─ variant_4: struct #13
│     │  │              │  └─ [notIn]: list 'list_9' #9
│     │  │              │     └─ item: string #7
│     │  │              ├─ variant_5: struct #16
│     │  │              │  ├─ [contains]: string #7
│     │  │              │  └─ [mode]: optional 'optional_15' #15
│     │  │              │     └─ item: string #14 enum{ '"insensitive"' }
│     │  │              ├─ variant_6: struct #17
│     │  │              │  └─ [search]: string #7
│     │  │              └─ variant_7: struct #18
│     │  │                 ├─ [endsWith]: optional 'optional_8' #8
│     │  │                 │  └─ item: string #7
│     │  │                 └─ [startsWith]: optional 'optional_8' #8
│     │  │                    └─ item: string #7
│     │  ├─ [id]: optional 'optional_74' #74
│     │  │  └─ item: optional '_string_filter_c' #22
│     │  │     └─ item: union #21
│     │  │        ├─ variant_0: union '_string_filter' #19
│     │  │        │  ├─ variant_0: string #7
│     │  │        │  ├─ variant_1: struct #10
│     │  │        │  │  └─ [equals]: string #7
│     │  │        │  ├─ variant_2: struct #11
│     │  │        │  │  └─ [not]: string #7
│     │  │        │  ├─ variant_3: struct #12
│     │  │        │  │  └─ [in]: list 'list_9' #9
│     │  │        │  │     └─ item: string #7
│     │  │        │  ├─ variant_4: struct #13
│     │  │        │  │  └─ [notIn]: list 'list_9' #9
│     │  │        │  │     └─ item: string #7
│     │  │        │  ├─ variant_5: struct #16
│     │  │        │  │  ├─ [contains]: string #7
│     │  │        │  │  └─ [mode]: optional 'optional_15' #15
│     │  │        │  │     └─ item: string #14 enum{ '"insensitive"' }
│     │  │        │  ├─ variant_6: struct #17
│     │  │        │  │  └─ [search]: string #7
│     │  │        │  └─ variant_7: struct #18
│     │  │        │     ├─ [endsWith]: optional 'optional_8' #8
│     │  │        │     │  └─ item: string #7
│     │  │        │     └─ [startsWith]: optional 'optional_8' #8
│     │  │        │        └─ item: string #7
│     │  │        └─ variant_1: struct #20
│     │  │           └─ [not]: union '_string_filter' #19
│     │  │              ├─ variant_0: string #7
│     │  │              ├─ variant_1: struct #10
│     │  │              │  └─ [equals]: string #7
│     │  │              ├─ variant_2: struct #11
│     │  │              │  └─ [not]: string #7
│     │  │              ├─ variant_3: struct #12
│     │  │              │  └─ [in]: list 'list_9' #9
│     │  │              │     └─ item: string #7
│     │  │              ├─ variant_4: struct #13
│     │  │              │  └─ [notIn]: list 'list_9' #9
│     │  │              │     └─ item: string #7
│     │  │              ├─ variant_5: struct #16
│     │  │              │  ├─ [contains]: string #7
│     │  │              │  └─ [mode]: optional 'optional_15' #15
│     │  │              │     └─ item: string #14 enum{ '"insensitive"' }
│     │  │              ├─ variant_6: struct #17
│     │  │              │  └─ [search]: string #7
│     │  │              └─ variant_7: struct #18
│     │  │                 ├─ [endsWith]: optional 'optional_8' #8
│     │  │                 │  └─ item: string #7
│     │  │                 └─ [startsWith]: optional 'optional_8' #8
│     │  │                    └─ item: string #7
│     │  └─ [name]: optional 'optional_75' #75
│     │     └─ item: optional '_string_filter_c' #22
│     │        └─ item: union #21
│     │           ├─ variant_0: union '_string_filter' #19
│     │           │  ├─ variant_0: string #7
│     │           │  ├─ variant_1: struct #10
│     │           │  │  └─ [equals]: string #7
│     │           │  ├─ variant_2: struct #11
│     │           │  │  └─ [not]: string #7
│     │           │  ├─ variant_3: struct #12
│     │           │  │  └─ [in]: list 'list_9' #9
│     │           │  │     └─ item: string #7
│     │           │  ├─ variant_4: struct #13
│     │           │  │  └─ [notIn]: list 'list_9' #9
│     │           │  │     └─ item: string #7
│     │           │  ├─ variant_5: struct #16
│     │           │  │  ├─ [contains]: string #7
│     │           │  │  └─ [mode]: optional 'optional_15' #15
│     │           │  │     └─ item: string #14 enum{ '"insensitive"' }
│     │           │  ├─ variant_6: struct #17
│     │           │  │  └─ [search]: string #7
│     │           │  └─ variant_7: struct #18
│     │           │     ├─ [endsWith]: optional 'optional_8' #8
│     │           │     │  └─ item: string #7
│     │           │     └─ [startsWith]: optional 'optional_8' #8
│     │           │        └─ item: string #7
│     │           └─ variant_1: struct #20
│     │              └─ [not]: union '_string_filter' #19
│     │                 ├─ variant_0: string #7
│     │                 ├─ variant_1: struct #10
│     │                 │  └─ [equals]: string #7
│     │                 ├─ variant_2: struct #11
│     │                 │  └─ [not]: string #7
│     │                 ├─ variant_3: struct #12
│     │                 │  └─ [in]: list 'list_9' #9
│     │                 │     └─ item: string #7
│     │                 ├─ variant_4: struct #13
│     │                 │  └─ [notIn]: list 'list_9' #9
│     │                 │     └─ item: string #7
│     │                 ├─ variant_5: struct #16
│     │                 │  ├─ [contains]: string #7
│     │                 │  └─ [mode]: optional 'optional_15' #15
│     │                 │     └─ item: string #14 enum{ '"insensitive"' }
│     │                 ├─ variant_6: struct #17
│     │                 │  └─ [search]: string #7
│     │                 └─ variant_7: struct #18
│     │                    ├─ [endsWith]: optional 'optional_8' #8
│     │                    │  └─ item: string #7
│     │                    └─ [startsWith]: optional 'optional_8' #8
│     │                       └─ item: string #7
│     ├─ variant_1: struct #99
│     │  └─ [AND]: list 'list_98' #98
│     │     └─ item: &_Record_Having #97
│     ├─ variant_2: struct #101
│     │  └─ [OR]: list 'list_100' #100
│     │     └─ item: &_Record_Having #97
│     └─ variant_3: struct #102
│        └─ [NOT]: &_Record_Having #97
├─ [orderBy]: optional 'optional_61' #61
│  └─ item: list '_Record_OrderBy_with_aggregates' #60
│     └─ item: struct #59
│        ├─ [_avg]: optional 'optional_57' #57
│        │  └─ item: struct #56
│        │     └─ [age]: optional '_Sort_nullable' #53
│        │        └─ item: union #52
│        │           ├─ variant_0: struct #51
│        │           │  ├─ [nulls]: string '_NullsOrder' #47 enum{ '"first"', '"last"' }
│        │           │  └─ [sort]: string '_SortOrder' #46 enum{ '"asc"', '"desc"' }
│        │           └─ variant_1: string '_SortOrder' #46 enum{ '"asc"', '"desc"' }
│        ├─ [_count]: optional 'optional_55' #55
│        │  └─ item: struct #54
│        │     ├─ [age]: optional '_Sort_nullable' #53
│        │     │  └─ item: union #52
│        │     │     ├─ variant_0: struct #51
│        │     │     │  ├─ [nulls]: string '_NullsOrder' #47 enum{ '"first"', '"last"' }
│        │     │     │  └─ [sort]: string '_SortOrder' #46 enum{ '"asc"', '"desc"' }
│        │     │     └─ variant_1: string '_SortOrder' #46 enum{ '"asc"', '"desc"' }
│        │     ├─ [created_at]: optional '_Sort' #50
│        │     │  └─ item: union #49
│        │     │     ├─ variant_0: struct #48
│        │     │     │  └─ [sort]: string '_SortOrder' #46 enum{ '"asc"', '"desc"' }
│        │     │     └─ variant_1: string '_SortOrder' #46 enum{ '"asc"', '"desc"' }
│        │     ├─ [id]: optional '_Sort' #50
│        │     │  └─ item: union #49
│        │     │     ├─ variant_0: struct #48
│        │     │     │  └─ [sort]: string '_SortOrder' #46 enum{ '"asc"', '"desc"' }
│        │     │     └─ variant_1: string '_SortOrder' #46 enum{ '"asc"', '"desc"' }
│        │     └─ [name]: optional '_Sort' #50
│        │        └─ item: union #49
│        │           ├─ variant_0: struct #48
│        │           │  └─ [sort]: string '_SortOrder' #46 enum{ '"asc"', '"desc"' }
│        │           └─ variant_1: string '_SortOrder' #46 enum{ '"asc"', '"desc"' }
│        ├─ [_max]: optional 'optional_57' #57
│        │  └─ item: struct #56
│        │     └─ [age]: optional '_Sort_nullable' #53
│        │        └─ item: union #52
│        │           ├─ variant_0: struct #51
│        │           │  ├─ [nulls]: string '_NullsOrder' #47 enum{ '"first"', '"last"' }
│        │           │  └─ [sort]: string '_SortOrder' #46 enum{ '"asc"', '"desc"' }
│        │           └─ variant_1: string '_SortOrder' #46 enum{ '"asc"', '"desc"' }
│        ├─ [_min]: optional 'optional_57' #57
│        │  └─ item: struct #56
│        │     └─ [age]: optional '_Sort_nullable' #53
│        │        └─ item: union #52
│        │           ├─ variant_0: struct #51
│        │           │  ├─ [nulls]: string '_NullsOrder' #47 enum{ '"first"', '"last"' }
│        │           │  └─ [sort]: string '_SortOrder' #46 enum{ '"asc"', '"desc"' }
│        │           └─ variant_1: string '_SortOrder' #46 enum{ '"asc"', '"desc"' }
│        ├─ [_sum]: optional 'optional_57' #57
│        │  └─ item: struct #56
│        │     └─ [age]: optional '_Sort_nullable' #53
│        │        └─ item: union #52
│        │           ├─ variant_0: struct #51
│        │           │  ├─ [nulls]: string '_NullsOrder' #47 enum{ '"first"', '"last"' }
│        │           │  └─ [sort]: string '_SortOrder' #46 enum{ '"asc"', '"desc"' }
│        │           └─ variant_1: string '_SortOrder' #46 enum{ '"asc"', '"desc"' }
│        ├─ [age]: optional '_Sort_nullable' #53
│        │  └─ item: union #52
│        │     ├─ variant_0: struct #51
│        │     │  ├─ [nulls]: string '_NullsOrder' #47 enum{ '"first"', '"last"' }
│        │     │  └─ [sort]: string '_SortOrder' #46 enum{ '"asc"', '"desc"' }
│        │     └─ variant_1: string '_SortOrder' #46 enum{ '"asc"', '"desc"' }
│        ├─ [created_at]: optional '_Sort' #50
│        │  └─ item: union #49
│        │     ├─ variant_0: struct #48
│        │     │  └─ [sort]: string '_SortOrder' #46 enum{ '"asc"', '"desc"' }
│        │     └─ variant_1: string '_SortOrder' #46 enum{ '"asc"', '"desc"' }
│        ├─ [id]: optional '_Sort' #50
│        │  └─ item: union #49
│        │     ├─ variant_0: struct #48
│        │     │  └─ [sort]: string '_SortOrder' #46 enum{ '"asc"', '"desc"' }
│        │     └─ variant_1: string '_SortOrder' #46 enum{ '"asc"', '"desc"' }
│        └─ [name]: optional '_Sort' #50
│           └─ item: union #49
│              ├─ variant_0: struct #48
│              │  └─ [sort]: string '_SortOrder' #46 enum{ '"asc"', '"desc"' }
│              └─ variant_1: string '_SortOrder' #46 enum{ '"asc"', '"desc"' }
├─ [skip]: optional 'optional_65' #65
│  └─ item: integer '_Skip' #64
├─ [take]: optional 'optional_63' #63
│  └─ item: integer '_Take' #62
└─ [where]: optional 'optional_45' #45
   └─ item: struct 'QueryRecordWhereInput' #44
      ├─ [AND]: optional 'optional_42' #42
      │  └─ item: list 'list_41' #41
      │     └─ item: &QueryRecordWhereInput #40
      ├─ [NOT]: optional 'optional_43' #43
      │  └─ item: &QueryRecordWhereInput #40
      ├─ [OR]: optional 'optional_42' #42
      │  └─ item: list 'list_41' #41
      │     └─ item: &QueryRecordWhereInput #40
      ├─ [age]: optional 'optional_37' #37
      │  └─ item: optional '_integer_filter_c' #36
      │     └─ item: union #35
      │        ├─ variant_0: either '_integer_filter' #33
      │        │  ├─ variant_0: integer #25
      │        │  ├─ variant_1: struct #28
      │        │  │  └─ [equals]: integer #25
      │        │  ├─ variant_2: struct #29
      │        │  │  └─ [not]: integer #25
      │        │  ├─ variant_3: struct #30
      │        │  │  ├─ [gt]: optional 'optional_26' #26
      │        │  │  │  └─ item: integer #25
      │        │  │  ├─ [gte]: optional 'optional_26' #26
      │        │  │  │  └─ item: integer #25
      │        │  │  ├─ [lt]: optional 'optional_26' #26
      │        │  │  │  └─ item: integer #25
      │        │  │  └─ [lte]: optional 'optional_26' #26
      │        │  │     └─ item: integer #25
      │        │  ├─ variant_4: struct #31
      │        │  │  └─ [in]: list 'list_27' #27
      │        │  │     └─ item: integer #25
      │        │  └─ variant_5: struct #32
      │        │     └─ [notIn]: list 'list_27' #27
      │        │        └─ item: integer #25
      │        └─ variant_1: struct #34
      │           └─ [not]: either '_integer_filter' #33
      │              ├─ variant_0: integer #25
      │              ├─ variant_1: struct #28
      │              │  └─ [equals]: integer #25
      │              ├─ variant_2: struct #29
      │              │  └─ [not]: integer #25
      │              ├─ variant_3: struct #30
      │              │  ├─ [gt]: optional 'optional_26' #26
      │              │  │  └─ item: integer #25
      │              │  ├─ [gte]: optional 'optional_26' #26
      │              │  │  └─ item: integer #25
      │              │  ├─ [lt]: optional 'optional_26' #26
      │              │  │  └─ item: integer #25
      │              │  └─ [lte]: optional 'optional_26' #26
      │              │     └─ item: integer #25
      │              ├─ variant_4: struct #31
      │              │  └─ [in]: list 'list_27' #27
      │              │     └─ item: integer #25
      │              └─ variant_5: struct #32
      │                 └─ [notIn]: list 'list_27' #27
      │                    └─ item: integer #25
      ├─ [created_at]: optional 'optional_38' #38
      │  └─ item: optional '_string_filter_c' #22
      │     └─ item: union #21
      │        ├─ variant_0: union '_string_filter' #19
      │        │  ├─ variant_0: string #7
      │        │  ├─ variant_1: struct #10
      │        │  │  └─ [equals]: string #7
      │        │  ├─ variant_2: struct #11
      │        │  │  └─ [not]: string #7
      │        │  ├─ variant_3: struct #12
      │        │  │  └─ [in]: list 'list_9' #9
      │        │  │     └─ item: string #7
      │        │  ├─ variant_4: struct #13
      │        │  │  └─ [notIn]: list 'list_9' #9
      │        │  │     └─ item: string #7
      │        │  ├─ variant_5: struct #16
      │        │  │  ├─ [contains]: string #7
      │        │  │  └─ [mode]: optional 'optional_15' #15
      │        │  │     └─ item: string #14 enum{ '"insensitive"' }
      │        │  ├─ variant_6: struct #17
      │        │  │  └─ [search]: string #7
      │        │  └─ variant_7: struct #18
      │        │     ├─ [endsWith]: optional 'optional_8' #8
      │        │     │  └─ item: string #7
      │        │     └─ [startsWith]: optional 'optional_8' #8
      │        │        └─ item: string #7
      │        └─ variant_1: struct #20
      │           └─ [not]: union '_string_filter' #19
      │              ├─ variant_0: string #7
      │              ├─ variant_1: struct #10
      │              │  └─ [equals]: string #7
      │              ├─ variant_2: struct #11
      │              │  └─ [not]: string #7
      │              ├─ variant_3: struct #12
      │              │  └─ [in]: list 'list_9' #9
      │              │     └─ item: string #7
      │              ├─ variant_4: struct #13
      │              │  └─ [notIn]: list 'list_9' #9
      │              │     └─ item: string #7
      │              ├─ variant_5: struct #16
      │              │  ├─ [contains]: string #7
      │              │  └─ [mode]: optional 'optional_15' #15
      │              │     └─ item: string #14 enum{ '"insensitive"' }
      │              ├─ variant_6: struct #17
      │              │  └─ [search]: string #7
      │              └─ variant_7: struct #18
      │                 ├─ [endsWith]: optional 'optional_8' #8
      │                 │  └─ item: string #7
      │                 └─ [startsWith]: optional 'optional_8' #8
      │                    └─ item: string #7
      ├─ [id]: optional 'optional_23' #23
      │  └─ item: optional '_string_filter_c' #22
      │     └─ item: union #21
      │        ├─ variant_0: union '_string_filter' #19
      │        │  ├─ variant_0: string #7
      │        │  ├─ variant_1: struct #10
      │        │  │  └─ [equals]: string #7
      │        │  ├─ variant_2: struct #11
      │        │  │  └─ [not]: string #7
      │        │  ├─ variant_3: struct #12
      │        │  │  └─ [in]: list 'list_9' #9
      │        │  │     └─ item: string #7
      │        │  ├─ variant_4: struct #13
      │        │  │  └─ [notIn]: list 'list_9' #9
      │        │  │     └─ item: string #7
      │        │  ├─ variant_5: struct #16
      │        │  │  ├─ [contains]: string #7
      │        │  │  └─ [mode]: optional 'optional_15' #15
      │        │  │     └─ item: string #14 enum{ '"insensitive"' }
      │        │  ├─ variant_6: struct #17
      │        │  │  └─ [search]: string #7
      │        │  └─ variant_7: struct #18
      │        │     ├─ [endsWith]: optional 'optional_8' #8
      │        │     │  └─ item: string #7
      │        │     └─ [startsWith]: optional 'optional_8' #8
      │        │        └─ item: string #7
      │        └─ variant_1: struct #20
      │           └─ [not]: union '_string_filter' #19
      │              ├─ variant_0: string #7
      │              ├─ variant_1: struct #10
      │              │  └─ [equals]: string #7
      │              ├─ variant_2: struct #11
      │              │  └─ [not]: string #7
      │              ├─ variant_3: struct #12
      │              │  └─ [in]: list 'list_9' #9
      │              │     └─ item: string #7
      │              ├─ variant_4: struct #13
      │              │  └─ [notIn]: list 'list_9' #9
      │              │     └─ item: string #7
      │              ├─ variant_5: struct #16
      │              │  ├─ [contains]: string #7
      │              │  └─ [mode]: optional 'optional_15' #15
      │              │     └─ item: string #14 enum{ '"insensitive"' }
      │              ├─ variant_6: struct #17
      │              │  └─ [search]: string #7
      │              └─ variant_7: struct #18
      │                 ├─ [endsWith]: optional 'optional_8' #8
      │                 │  └─ item: string #7
      │                 └─ [startsWith]: optional 'optional_8' #8
      │                    └─ item: string #7
      └─ [name]: optional 'optional_24' #24
         └─ item: optional '_string_filter_c' #22
            └─ item: union #21
               ├─ variant_0: union '_string_filter' #19
               │  ├─ variant_0: string #7
               │  ├─ variant_1: struct #10
               │  │  └─ [equals]: string #7
               │  ├─ variant_2: struct #11
               │  │  └─ [not]: string #7
               │  ├─ variant_3: struct #12
               │  │  └─ [in]: list 'list_9' #9
               │  │     └─ item: string #7
               │  ├─ variant_4: struct #13
               │  │  └─ [notIn]: list 'list_9' #9
               │  │     └─ item: string #7
               │  ├─ variant_5: struct #16
               │  │  ├─ [contains]: string #7
               │  │  └─ [mode]: optional 'optional_15' #15
               │  │     └─ item: string #14 enum{ '"insensitive"' }
               │  ├─ variant_6: struct #17
               │  │  └─ [search]: string #7
               │  └─ variant_7: struct #18
               │     ├─ [endsWith]: optional 'optional_8' #8
               │     │  └─ item: string #7
               │     └─ [startsWith]: optional 'optional_8' #8
               │        └─ item: string #7
               └─ variant_1: struct #20
                  └─ [not]: union '_string_filter' #19
                     ├─ variant_0: string #7
                     ├─ variant_1: struct #10
                     │  └─ [equals]: string #7
                     ├─ variant_2: struct #11
                     │  └─ [not]: string #7
                     ├─ variant_3: struct #12
                     │  └─ [in]: list 'list_9' #9
                     │     └─ item: string #7
                     ├─ variant_4: struct #13
                     │  └─ [notIn]: list 'list_9' #9
                     │     └─ item: string #7
                     ├─ variant_5: struct #16
                     │  ├─ [contains]: string #7
                     │  └─ [mode]: optional 'optional_15' #15
                     │     └─ item: string #14 enum{ '"insensitive"' }
                     ├─ variant_6: struct #17
                     │  └─ [search]: string #7
                     └─ variant_7: struct #18
                        ├─ [endsWith]: optional 'optional_8' #8
                        │  └─ item: string #7
                        └─ [startsWith]: optional 'optional_8' #8
                           └─ item: string #7
