---
source: src/typegraph/core/src/runtimes/prisma/type_generation/mod.rs
expression: tp.print(out)
---
root: list 'Post_group' #284
└─ item: struct #283
   ├─ [_avg]: struct 'Post_number_fields_float' #277
   │  └─ [id]: optional 'optional_276' #276
   │     └─ item: float #275
   ├─ [_count]: struct 'Post_count_aggregate' #274
   │  ├─ [_all]: optional 'optional_273' #273
   │  │  └─ item: integer #272
   │  ├─ [author]: optional 'optional_273' #273
   │  │  └─ item: integer #272
   │  ├─ [id]: optional 'optional_273' #273
   │  │  └─ item: integer #272
   │  └─ [title]: optional 'optional_273' #273
   │     └─ item: integer #272
   ├─ [_max]: struct 'Post_number_fields' #282
   │  └─ [id]: optional 'optional_281' #281
   │     └─ item: integer #280
   ├─ [_min]: struct 'Post_number_fields' #282
   │  └─ [id]: optional 'optional_281' #281
   │     └─ item: integer #280
   ├─ [_sum]: struct 'Post_number_fields' #282
   │  └─ [id]: optional 'optional_281' #281
   │     └─ item: integer #280
   ├─ [author]: &User #126
   ├─ [id]: integer #124
   └─ [title]: string #125
