---
source: src/typegraph/core/src/runtimes/prisma/type_generation/mod.rs
expression: tp.print(inp)
---
root: struct #81
└─ [where]: optional 'optional_80' #80
   └─ item: struct 'User_query_where_unique_input' #79
      ├─ [AND]: optional 'optional_77' #77
      │  └─ item: list 'list_76' #76
      │     └─ item: &User_query_where_unique_input #75
      ├─ [NOT]: optional 'optional_78' #78
      │  └─ item: &User_query_where_unique_input #75
      ├─ [OR]: optional 'optional_77' #77
      │  └─ item: list 'list_76' #76
      │     └─ item: &User_query_where_unique_input #75
      ├─ [id]: optional 'optional_59' #59
      │  └─ item: optional '_prisma_integer_filter_ex' #36
      │     └─ item: union #35
      │        ├─ variant_0: either '_prisma_integer_filter' #33
      │        │  ├─ variant_0: integer #25
      │        │  ├─ variant_1: struct #28
      │        │  │  └─ [equals]: integer #25
      │        │  ├─ variant_2: struct #29
      │        │  │  └─ [not]: integer #25
      │        │  ├─ variant_3: struct #30
      │        │  │  ├─ [gt]: optional 'optional_26' #26
      │        │  │  │  └─ item: integer #25
      │        │  │  ├─ [gte]: optional 'optional_26' #26
      │        │  │  │  └─ item: integer #25
      │        │  │  ├─ [lt]: optional 'optional_26' #26
      │        │  │  │  └─ item: integer #25
      │        │  │  └─ [lte]: optional 'optional_26' #26
      │        │  │     └─ item: integer #25
      │        │  ├─ variant_4: struct #31
      │        │  │  └─ [in]: list 'list_27' #27
      │        │  │     └─ item: integer #25
      │        │  └─ variant_5: struct #32
      │        │     └─ [notIn]: list 'list_27' #27
      │        │        └─ item: integer #25
      │        └─ variant_1: struct #34
      │           └─ [not]: either '_prisma_integer_filter' #33
      │              ├─ variant_0: integer #25
      │              ├─ variant_1: struct #28
      │              │  └─ [equals]: integer #25
      │              ├─ variant_2: struct #29
      │              │  └─ [not]: integer #25
      │              ├─ variant_3: struct #30
      │              │  ├─ [gt]: optional 'optional_26' #26
      │              │  │  └─ item: integer #25
      │              │  ├─ [gte]: optional 'optional_26' #26
      │              │  │  └─ item: integer #25
      │              │  ├─ [lt]: optional 'optional_26' #26
      │              │  │  └─ item: integer #25
      │              │  └─ [lte]: optional 'optional_26' #26
      │              │     └─ item: integer #25
      │              ├─ variant_4: struct #31
      │              │  └─ [in]: list 'list_27' #27
      │              │     └─ item: integer #25
      │              └─ variant_5: struct #32
      │                 └─ [notIn]: list 'list_27' #27
      │                    └─ item: integer #25
      ├─ [name]: optional 'optional_60' #60
      │  └─ item: optional '_prisma_string_filter_ex' #22
      │     └─ item: union #21
      │        ├─ variant_0: union '_prisma_string_filter' #19
      │        │  ├─ variant_0: string #7
      │        │  ├─ variant_1: struct #10
      │        │  │  └─ [equals]: string #7
      │        │  ├─ variant_2: struct #11
      │        │  │  └─ [not]: string #7
      │        │  ├─ variant_3: struct #12
      │        │  │  └─ [in]: list 'list_9' #9
      │        │  │     └─ item: string #7
      │        │  ├─ variant_4: struct #13
      │        │  │  └─ [notIn]: list 'list_9' #9
      │        │  │     └─ item: string #7
      │        │  ├─ variant_5: struct #16
      │        │  │  ├─ [contains]: string #7
      │        │  │  └─ [mode]: optional 'optional_15' #15
      │        │  │     └─ item: string #14 enum{ '"insensitive"' }
      │        │  ├─ variant_6: struct #17
      │        │  │  └─ [search]: string #7
      │        │  └─ variant_7: struct #18
      │        │     ├─ [endsWith]: optional 'optional_8' #8
      │        │     │  └─ item: string #7
      │        │     └─ [startsWith]: optional 'optional_8' #8
      │        │        └─ item: string #7
      │        └─ variant_1: struct #20
      │           └─ [not]: union '_prisma_string_filter' #19
      │              ├─ variant_0: string #7
      │              ├─ variant_1: struct #10
      │              │  └─ [equals]: string #7
      │              ├─ variant_2: struct #11
      │              │  └─ [not]: string #7
      │              ├─ variant_3: struct #12
      │              │  └─ [in]: list 'list_9' #9
      │              │     └─ item: string #7
      │              ├─ variant_4: struct #13
      │              │  └─ [notIn]: list 'list_9' #9
      │              │     └─ item: string #7
      │              ├─ variant_5: struct #16
      │              │  ├─ [contains]: string #7
      │              │  └─ [mode]: optional 'optional_15' #15
      │              │     └─ item: string #14 enum{ '"insensitive"' }
      │              ├─ variant_6: struct #17
      │              │  └─ [search]: string #7
      │              └─ variant_7: struct #18
      │                 ├─ [endsWith]: optional 'optional_8' #8
      │                 │  └─ item: string #7
      │                 └─ [startsWith]: optional 'optional_8' #8
      │                    └─ item: string #7
      └─ [posts]: optional 'optional_73' #73
         └─ item: union #72
            ├─ variant_0: struct #67
            │  └─ [every]: optional 'optional_66' #66
            │     └─ item: struct 'Post_where_excluding_User' #65
            │        ├─ [author]: optional 'optional_64' #64
            │        │  └─ item: &User_where #63
            │        ├─ [id]: optional 'optional_61' #61
            │        │  └─ item: optional '_prisma_integer_filter_ex' #36
            │        │     └─ item: union #35
            │        │        ├─ variant_0: either '_prisma_integer_filter' #33
            │        │        │  ├─ variant_0: integer #25
            │        │        │  ├─ variant_1: struct #28
            │        │        │  │  └─ [equals]: integer #25
            │        │        │  ├─ variant_2: struct #29
            │        │        │  │  └─ [not]: integer #25
            │        │        │  ├─ variant_3: struct #30
            │        │        │  │  ├─ [gt]: optional 'optional_26' #26
            │        │        │  │  │  └─ item: integer #25
            │        │        │  │  ├─ [gte]: optional 'optional_26' #26
            │        │        │  │  │  └─ item: integer #25
            │        │        │  │  ├─ [lt]: optional 'optional_26' #26
            │        │        │  │  │  └─ item: integer #25
            │        │        │  │  └─ [lte]: optional 'optional_26' #26
            │        │        │  │     └─ item: integer #25
            │        │        │  ├─ variant_4: struct #31
            │        │        │  │  └─ [in]: list 'list_27' #27
            │        │        │  │     └─ item: integer #25
            │        │        │  └─ variant_5: struct #32
            │        │        │     └─ [notIn]: list 'list_27' #27
            │        │        │        └─ item: integer #25
            │        │        └─ variant_1: struct #34
            │        │           └─ [not]: either '_prisma_integer_filter' #33
            │        │              ├─ variant_0: integer #25
            │        │              ├─ variant_1: struct #28
            │        │              │  └─ [equals]: integer #25
            │        │              ├─ variant_2: struct #29
            │        │              │  └─ [not]: integer #25
            │        │              ├─ variant_3: struct #30
            │        │              │  ├─ [gt]: optional 'optional_26' #26
            │        │              │  │  └─ item: integer #25
            │        │              │  ├─ [gte]: optional 'optional_26' #26
            │        │              │  │  └─ item: integer #25
            │        │              │  ├─ [lt]: optional 'optional_26' #26
            │        │              │  │  └─ item: integer #25
            │        │              │  └─ [lte]: optional 'optional_26' #26
            │        │              │     └─ item: integer #25
            │        │              ├─ variant_4: struct #31
            │        │              │  └─ [in]: list 'list_27' #27
            │        │              │     └─ item: integer #25
            │        │              └─ variant_5: struct #32
            │        │                 └─ [notIn]: list 'list_27' #27
            │        │                    └─ item: integer #25
            │        └─ [title]: optional 'optional_62' #62
            │           └─ item: optional '_prisma_string_filter_ex' #22
            │              └─ item: union #21
            │                 ├─ variant_0: union '_prisma_string_filter' #19
            │                 │  ├─ variant_0: string #7
            │                 │  ├─ variant_1: struct #10
            │                 │  │  └─ [equals]: string #7
            │                 │  ├─ variant_2: struct #11
            │                 │  │  └─ [not]: string #7
            │                 │  ├─ variant_3: struct #12
            │                 │  │  └─ [in]: list 'list_9' #9
            │                 │  │     └─ item: string #7
            │                 │  ├─ variant_4: struct #13
            │                 │  │  └─ [notIn]: list 'list_9' #9
            │                 │  │     └─ item: string #7
            │                 │  ├─ variant_5: struct #16
            │                 │  │  ├─ [contains]: string #7
            │                 │  │  └─ [mode]: optional 'optional_15' #15
            │                 │  │     └─ item: string #14 enum{ '"insensitive"' }
            │                 │  ├─ variant_6: struct #17
            │                 │  │  └─ [search]: string #7
            │                 │  └─ variant_7: struct #18
            │                 │     ├─ [endsWith]: optional 'optional_8' #8
            │                 │     │  └─ item: string #7
            │                 │     └─ [startsWith]: optional 'optional_8' #8
            │                 │        └─ item: string #7
            │                 └─ variant_1: struct #20
            │                    └─ [not]: union '_prisma_string_filter' #19
            │                       ├─ variant_0: string #7
            │                       ├─ variant_1: struct #10
            │                       │  └─ [equals]: string #7
            │                       ├─ variant_2: struct #11
            │                       │  └─ [not]: string #7
            │                       ├─ variant_3: struct #12
            │                       │  └─ [in]: list 'list_9' #9
            │                       │     └─ item: string #7
            │                       ├─ variant_4: struct #13
            │                       │  └─ [notIn]: list 'list_9' #9
            │                       │     └─ item: string #7
            │                       ├─ variant_5: struct #16
            │                       │  ├─ [contains]: string #7
            │                       │  └─ [mode]: optional 'optional_15' #15
            │                       │     └─ item: string #14 enum{ '"insensitive"' }
            │                       ├─ variant_6: struct #17
            │                       │  └─ [search]: string #7
            │                       └─ variant_7: struct #18
            │                          ├─ [endsWith]: optional 'optional_8' #8
            │                          │  └─ item: string #7
            │                          └─ [startsWith]: optional 'optional_8' #8
            │                             └─ item: string #7
            ├─ variant_1: struct #69
            │  └─ [some]: optional 'optional_68' #68
            │     └─ item: struct 'Post_where_excluding_User' #65
            │        ├─ [author]: optional 'optional_64' #64
            │        │  └─ item: &User_where #63
            │        ├─ [id]: optional 'optional_61' #61
            │        │  └─ item: optional '_prisma_integer_filter_ex' #36
            │        │     └─ item: union #35
            │        │        ├─ variant_0: either '_prisma_integer_filter' #33
            │        │        │  ├─ variant_0: integer #25
            │        │        │  ├─ variant_1: struct #28
            │        │        │  │  └─ [equals]: integer #25
            │        │        │  ├─ variant_2: struct #29
            │        │        │  │  └─ [not]: integer #25
            │        │        │  ├─ variant_3: struct #30
            │        │        │  │  ├─ [gt]: optional 'optional_26' #26
            │        │        │  │  │  └─ item: integer #25
            │        │        │  │  ├─ [gte]: optional 'optional_26' #26
            │        │        │  │  │  └─ item: integer #25
            │        │        │  │  ├─ [lt]: optional 'optional_26' #26
            │        │        │  │  │  └─ item: integer #25
            │        │        │  │  └─ [lte]: optional 'optional_26' #26
            │        │        │  │     └─ item: integer #25
            │        │        │  ├─ variant_4: struct #31
            │        │        │  │  └─ [in]: list 'list_27' #27
            │        │        │  │     └─ item: integer #25
            │        │        │  └─ variant_5: struct #32
            │        │        │     └─ [notIn]: list 'list_27' #27
            │        │        │        └─ item: integer #25
            │        │        └─ variant_1: struct #34
            │        │           └─ [not]: either '_prisma_integer_filter' #33
            │        │              ├─ variant_0: integer #25
            │        │              ├─ variant_1: struct #28
            │        │              │  └─ [equals]: integer #25
            │        │              ├─ variant_2: struct #29
            │        │              │  └─ [not]: integer #25
            │        │              ├─ variant_3: struct #30
            │        │              │  ├─ [gt]: optional 'optional_26' #26
            │        │              │  │  └─ item: integer #25
            │        │              │  ├─ [gte]: optional 'optional_26' #26
            │        │              │  │  └─ item: integer #25
            │        │              │  ├─ [lt]: optional 'optional_26' #26
            │        │              │  │  └─ item: integer #25
            │        │              │  └─ [lte]: optional 'optional_26' #26
            │        │              │     └─ item: integer #25
            │        │              ├─ variant_4: struct #31
            │        │              │  └─ [in]: list 'list_27' #27
            │        │              │     └─ item: integer #25
            │        │              └─ variant_5: struct #32
            │        │                 └─ [notIn]: list 'list_27' #27
            │        │                    └─ item: integer #25
            │        └─ [title]: optional 'optional_62' #62
            │           └─ item: optional '_prisma_string_filter_ex' #22
            │              └─ item: union #21
            │                 ├─ variant_0: union '_prisma_string_filter' #19
            │                 │  ├─ variant_0: string #7
            │                 │  ├─ variant_1: struct #10
            │                 │  │  └─ [equals]: string #7
            │                 │  ├─ variant_2: struct #11
            │                 │  │  └─ [not]: string #7
            │                 │  ├─ variant_3: struct #12
            │                 │  │  └─ [in]: list 'list_9' #9
            │                 │  │     └─ item: string #7
            │                 │  ├─ variant_4: struct #13
            │                 │  │  └─ [notIn]: list 'list_9' #9
            │                 │  │     └─ item: string #7
            │                 │  ├─ variant_5: struct #16
            │                 │  │  ├─ [contains]: string #7
            │                 │  │  └─ [mode]: optional 'optional_15' #15
            │                 │  │     └─ item: string #14 enum{ '"insensitive"' }
            │                 │  ├─ variant_6: struct #17
            │                 │  │  └─ [search]: string #7
            │                 │  └─ variant_7: struct #18
            │                 │     ├─ [endsWith]: optional 'optional_8' #8
            │                 │     │  └─ item: string #7
            │                 │     └─ [startsWith]: optional 'optional_8' #8
            │                 │        └─ item: string #7
            │                 └─ variant_1: struct #20
            │                    └─ [not]: union '_prisma_string_filter' #19
            │                       ├─ variant_0: string #7
            │                       ├─ variant_1: struct #10
            │                       │  └─ [equals]: string #7
            │                       ├─ variant_2: struct #11
            │                       │  └─ [not]: string #7
            │                       ├─ variant_3: struct #12
            │                       │  └─ [in]: list 'list_9' #9
            │                       │     └─ item: string #7
            │                       ├─ variant_4: struct #13
            │                       │  └─ [notIn]: list 'list_9' #9
            │                       │     └─ item: string #7
            │                       ├─ variant_5: struct #16
            │                       │  ├─ [contains]: string #7
            │                       │  └─ [mode]: optional 'optional_15' #15
            │                       │     └─ item: string #14 enum{ '"insensitive"' }
            │                       ├─ variant_6: struct #17
            │                       │  └─ [search]: string #7
            │                       └─ variant_7: struct #18
            │                          ├─ [endsWith]: optional 'optional_8' #8
            │                          │  └─ item: string #7
            │                          └─ [startsWith]: optional 'optional_8' #8
            │                             └─ item: string #7
            └─ variant_2: struct #71
               └─ [none]: optional 'optional_70' #70
                  └─ item: struct 'Post_where_excluding_User' #65
                     ├─ [author]: optional 'optional_64' #64
                     │  └─ item: &User_where #63
                     ├─ [id]: optional 'optional_61' #61
                     │  └─ item: optional '_prisma_integer_filter_ex' #36
                     │     └─ item: union #35
                     │        ├─ variant_0: either '_prisma_integer_filter' #33
                     │        │  ├─ variant_0: integer #25
                     │        │  ├─ variant_1: struct #28
                     │        │  │  └─ [equals]: integer #25
                     │        │  ├─ variant_2: struct #29
                     │        │  │  └─ [not]: integer #25
                     │        │  ├─ variant_3: struct #30
                     │        │  │  ├─ [gt]: optional 'optional_26' #26
                     │        │  │  │  └─ item: integer #25
                     │        │  │  ├─ [gte]: optional 'optional_26' #26
                     │        │  │  │  └─ item: integer #25
                     │        │  │  ├─ [lt]: optional 'optional_26' #26
                     │        │  │  │  └─ item: integer #25
                     │        │  │  └─ [lte]: optional 'optional_26' #26
                     │        │  │     └─ item: integer #25
                     │        │  ├─ variant_4: struct #31
                     │        │  │  └─ [in]: list 'list_27' #27
                     │        │  │     └─ item: integer #25
                     │        │  └─ variant_5: struct #32
                     │        │     └─ [notIn]: list 'list_27' #27
                     │        │        └─ item: integer #25
                     │        └─ variant_1: struct #34
                     │           └─ [not]: either '_prisma_integer_filter' #33
                     │              ├─ variant_0: integer #25
                     │              ├─ variant_1: struct #28
                     │              │  └─ [equals]: integer #25
                     │              ├─ variant_2: struct #29
                     │              │  └─ [not]: integer #25
                     │              ├─ variant_3: struct #30
                     │              │  ├─ [gt]: optional 'optional_26' #26
                     │              │  │  └─ item: integer #25
                     │              │  ├─ [gte]: optional 'optional_26' #26
                     │              │  │  └─ item: integer #25
                     │              │  ├─ [lt]: optional 'optional_26' #26
                     │              │  │  └─ item: integer #25
                     │              │  └─ [lte]: optional 'optional_26' #26
                     │              │     └─ item: integer #25
                     │              ├─ variant_4: struct #31
                     │              │  └─ [in]: list 'list_27' #27
                     │              │     └─ item: integer #25
                     │              └─ variant_5: struct #32
                     │                 └─ [notIn]: list 'list_27' #27
                     │                    └─ item: integer #25
                     └─ [title]: optional 'optional_62' #62
                        └─ item: optional '_prisma_string_filter_ex' #22
                           └─ item: union #21
                              ├─ variant_0: union '_prisma_string_filter' #19
                              │  ├─ variant_0: string #7
                              │  ├─ variant_1: struct #10
                              │  │  └─ [equals]: string #7
                              │  ├─ variant_2: struct #11
                              │  │  └─ [not]: string #7
                              │  ├─ variant_3: struct #12
                              │  │  └─ [in]: list 'list_9' #9
                              │  │     └─ item: string #7
                              │  ├─ variant_4: struct #13
                              │  │  └─ [notIn]: list 'list_9' #9
                              │  │     └─ item: string #7
                              │  ├─ variant_5: struct #16
                              │  │  ├─ [contains]: string #7
                              │  │  └─ [mode]: optional 'optional_15' #15
                              │  │     └─ item: string #14 enum{ '"insensitive"' }
                              │  ├─ variant_6: struct #17
                              │  │  └─ [search]: string #7
                              │  └─ variant_7: struct #18
                              │     ├─ [endsWith]: optional 'optional_8' #8
                              │     │  └─ item: string #7
                              │     └─ [startsWith]: optional 'optional_8' #8
                              │        └─ item: string #7
                              └─ variant_1: struct #20
                                 └─ [not]: union '_prisma_string_filter' #19
                                    ├─ variant_0: string #7
                                    ├─ variant_1: struct #10
                                    │  └─ [equals]: string #7
                                    ├─ variant_2: struct #11
                                    │  └─ [not]: string #7
                                    ├─ variant_3: struct #12
                                    │  └─ [in]: list 'list_9' #9
                                    │     └─ item: string #7
                                    ├─ variant_4: struct #13
                                    │  └─ [notIn]: list 'list_9' #9
                                    │     └─ item: string #7
                                    ├─ variant_5: struct #16
                                    │  ├─ [contains]: string #7
                                    │  └─ [mode]: optional 'optional_15' #15
                                    │     └─ item: string #14 enum{ '"insensitive"' }
                                    ├─ variant_6: struct #17
                                    │  └─ [search]: string #7
                                    └─ variant_7: struct #18
                                       ├─ [endsWith]: optional 'optional_8' #8
                                       │  └─ item: string #7
                                       └─ [startsWith]: optional 'optional_8' #8
                                          └─ item: string #7
