---
source: src/typegraph/core/src/runtimes/prisma/type_generation/mod.rs
expression: tp.print(inp)
---
root: struct '_User_QueryInput' #119
├─ [cursor]: optional 'optional_115' #115
│  └─ item: union '_User_Cursor' #114
│     ├─ variant_0: struct #112
│     │  └─ [id]: integer #74
│     └─ variant_1: struct #113
│        └─ [name]: string #75
├─ [distinct]: optional 'optional_118' #118
│  └─ item: list '_KeysOf_User' #117
│     └─ item: string #116 enum{ '"id"', '"name"', '"posts"' }
├─ [orderBy]: optional 'optional_109' #109
│  └─ item: list '_User_OrderBy' #108
│     └─ item: struct #107
│        ├─ [id]: optional '_Sort' #50
│        │  └─ item: union #49
│        │     ├─ variant_0: struct #48
│        │     │  └─ [sort]: string '_SortOrder' #46 enum{ '"asc"', '"desc"' }
│        │     └─ variant_1: string '_SortOrder' #46 enum{ '"asc"', '"desc"' }
│        ├─ [name]: optional '_Sort' #50
│        │  └─ item: union #49
│        │     ├─ variant_0: struct #48
│        │     │  └─ [sort]: string '_SortOrder' #46 enum{ '"asc"', '"desc"' }
│        │     └─ variant_1: string '_SortOrder' #46 enum{ '"asc"', '"desc"' }
│        └─ [posts]: optional '_SortByAggregates' #106
│           └─ item: struct #105
│              ├─ [_avg]: optional '_Sort' #50
│              │  └─ item: union #49
│              │     ├─ variant_0: struct #48
│              │     │  └─ [sort]: string '_SortOrder' #46 enum{ '"asc"', '"desc"' }
│              │     └─ variant_1: string '_SortOrder' #46 enum{ '"asc"', '"desc"' }
│              ├─ [_count]: optional '_Sort' #50
│              │  └─ item: union #49
│              │     ├─ variant_0: struct #48
│              │     │  └─ [sort]: string '_SortOrder' #46 enum{ '"asc"', '"desc"' }
│              │     └─ variant_1: string '_SortOrder' #46 enum{ '"asc"', '"desc"' }
│              ├─ [_max]: optional '_Sort' #50
│              │  └─ item: union #49
│              │     ├─ variant_0: struct #48
│              │     │  └─ [sort]: string '_SortOrder' #46 enum{ '"asc"', '"desc"' }
│              │     └─ variant_1: string '_SortOrder' #46 enum{ '"asc"', '"desc"' }
│              ├─ [_min]: optional '_Sort' #50
│              │  └─ item: union #49
│              │     ├─ variant_0: struct #48
│              │     │  └─ [sort]: string '_SortOrder' #46 enum{ '"asc"', '"desc"' }
│              │     └─ variant_1: string '_SortOrder' #46 enum{ '"asc"', '"desc"' }
│              └─ [_sum]: optional '_Sort' #50
│                 └─ item: union #49
│                    ├─ variant_0: struct #48
│                    │  └─ [sort]: string '_SortOrder' #46 enum{ '"asc"', '"desc"' }
│                    └─ variant_1: string '_SortOrder' #46 enum{ '"asc"', '"desc"' }
├─ [skip]: optional 'optional_111' #111
│  └─ item: integer '_Skip' #59
├─ [take]: optional 'optional_110' #110
│  └─ item: integer '_Take' #57
└─ [where]: optional 'optional_104' #104
   └─ item: struct 'QueryUserWhereInput' #103
      ├─ [AND]: optional 'optional_101' #101
      │  └─ item: list 'list_100' #100
      │     └─ item: &QueryUserWhereInput #99
      ├─ [NOT]: optional 'optional_102' #102
      │  └─ item: &QueryUserWhereInput #99
      ├─ [OR]: optional 'optional_101' #101
      │  └─ item: list 'list_100' #100
      │     └─ item: &QueryUserWhereInput #99
      ├─ [id]: optional 'optional_83' #83
      │  └─ item: optional '_integer_filter_c' #36
      │     └─ item: union #35
      │        ├─ variant_0: either '_integer_filter' #33
      │        │  ├─ variant_0: integer #25
      │        │  ├─ variant_1: struct #28
      │        │  │  └─ [equals]: integer #25
      │        │  ├─ variant_2: struct #29
      │        │  │  └─ [not]: integer #25
      │        │  ├─ variant_3: struct #30
      │        │  │  ├─ [gt]: optional 'optional_26' #26
      │        │  │  │  └─ item: integer #25
      │        │  │  ├─ [gte]: optional 'optional_26' #26
      │        │  │  │  └─ item: integer #25
      │        │  │  ├─ [lt]: optional 'optional_26' #26
      │        │  │  │  └─ item: integer #25
      │        │  │  └─ [lte]: optional 'optional_26' #26
      │        │  │     └─ item: integer #25
      │        │  ├─ variant_4: struct #31
      │        │  │  └─ [in]: list 'list_27' #27
      │        │  │     └─ item: integer #25
      │        │  └─ variant_5: struct #32
      │        │     └─ [notIn]: list 'list_27' #27
      │        │        └─ item: integer #25
      │        └─ variant_1: struct #34
      │           └─ [not]: either '_integer_filter' #33
      │              ├─ variant_0: integer #25
      │              ├─ variant_1: struct #28
      │              │  └─ [equals]: integer #25
      │              ├─ variant_2: struct #29
      │              │  └─ [not]: integer #25
      │              ├─ variant_3: struct #30
      │              │  ├─ [gt]: optional 'optional_26' #26
      │              │  │  └─ item: integer #25
      │              │  ├─ [gte]: optional 'optional_26' #26
      │              │  │  └─ item: integer #25
      │              │  ├─ [lt]: optional 'optional_26' #26
      │              │  │  └─ item: integer #25
      │              │  └─ [lte]: optional 'optional_26' #26
      │              │     └─ item: integer #25
      │              ├─ variant_4: struct #31
      │              │  └─ [in]: list 'list_27' #27
      │              │     └─ item: integer #25
      │              └─ variant_5: struct #32
      │                 └─ [notIn]: list 'list_27' #27
      │                    └─ item: integer #25
      ├─ [name]: optional 'optional_84' #84
      │  └─ item: optional '_string_filter_c' #22
      │     └─ item: union #21
      │        ├─ variant_0: union '_string_filter' #19
      │        │  ├─ variant_0: string #7
      │        │  ├─ variant_1: struct #10
      │        │  │  └─ [equals]: string #7
      │        │  ├─ variant_2: struct #11
      │        │  │  └─ [not]: string #7
      │        │  ├─ variant_3: struct #12
      │        │  │  └─ [in]: list 'list_9' #9
      │        │  │     └─ item: string #7
      │        │  ├─ variant_4: struct #13
      │        │  │  └─ [notIn]: list 'list_9' #9
      │        │  │     └─ item: string #7
      │        │  ├─ variant_5: struct #16
      │        │  │  ├─ [contains]: string #7
      │        │  │  └─ [mode]: optional 'optional_15' #15
      │        │  │     └─ item: string #14 enum{ '"insensitive"' }
      │        │  ├─ variant_6: struct #17
      │        │  │  └─ [search]: string #7
      │        │  └─ variant_7: struct #18
      │        │     ├─ [endsWith]: optional 'optional_8' #8
      │        │     │  └─ item: string #7
      │        │     └─ [startsWith]: optional 'optional_8' #8
      │        │        └─ item: string #7
      │        └─ variant_1: struct #20
      │           └─ [not]: union '_string_filter' #19
      │              ├─ variant_0: string #7
      │              ├─ variant_1: struct #10
      │              │  └─ [equals]: string #7
      │              ├─ variant_2: struct #11
      │              │  └─ [not]: string #7
      │              ├─ variant_3: struct #12
      │              │  └─ [in]: list 'list_9' #9
      │              │     └─ item: string #7
      │              ├─ variant_4: struct #13
      │              │  └─ [notIn]: list 'list_9' #9
      │              │     └─ item: string #7
      │              ├─ variant_5: struct #16
      │              │  ├─ [contains]: string #7
      │              │  └─ [mode]: optional 'optional_15' #15
      │              │     └─ item: string #14 enum{ '"insensitive"' }
      │              ├─ variant_6: struct #17
      │              │  └─ [search]: string #7
      │              └─ variant_7: struct #18
      │                 ├─ [endsWith]: optional 'optional_8' #8
      │                 │  └─ item: string #7
      │                 └─ [startsWith]: optional 'optional_8' #8
      │                    └─ item: string #7
      └─ [posts]: optional 'optional_97' #97
         └─ item: union #96
            ├─ variant_0: struct #91
            │  └─ [every]: optional 'optional_90' #90
            │     └─ item: struct 'PostWhere__skip_78_UserWhere' #89
            │        ├─ [author]: optional 'optional_88' #88
            │        │  └─ item: &UserWhere #87
            │        ├─ [id]: optional 'optional_85' #85
            │        │  └─ item: optional '_integer_filter_c' #36
            │        │     └─ item: union #35
            │        │        ├─ variant_0: either '_integer_filter' #33
            │        │        │  ├─ variant_0: integer #25
            │        │        │  ├─ variant_1: struct #28
            │        │        │  │  └─ [equals]: integer #25
            │        │        │  ├─ variant_2: struct #29
            │        │        │  │  └─ [not]: integer #25
            │        │        │  ├─ variant_3: struct #30
            │        │        │  │  ├─ [gt]: optional 'optional_26' #26
            │        │        │  │  │  └─ item: integer #25
            │        │        │  │  ├─ [gte]: optional 'optional_26' #26
            │        │        │  │  │  └─ item: integer #25
            │        │        │  │  ├─ [lt]: optional 'optional_26' #26
            │        │        │  │  │  └─ item: integer #25
            │        │        │  │  └─ [lte]: optional 'optional_26' #26
            │        │        │  │     └─ item: integer #25
            │        │        │  ├─ variant_4: struct #31
            │        │        │  │  └─ [in]: list 'list_27' #27
            │        │        │  │     └─ item: integer #25
            │        │        │  └─ variant_5: struct #32
            │        │        │     └─ [notIn]: list 'list_27' #27
            │        │        │        └─ item: integer #25
            │        │        └─ variant_1: struct #34
            │        │           └─ [not]: either '_integer_filter' #33
            │        │              ├─ variant_0: integer #25
            │        │              ├─ variant_1: struct #28
            │        │              │  └─ [equals]: integer #25
            │        │              ├─ variant_2: struct #29
            │        │              │  └─ [not]: integer #25
            │        │              ├─ variant_3: struct #30
            │        │              │  ├─ [gt]: optional 'optional_26' #26
            │        │              │  │  └─ item: integer #25
            │        │              │  ├─ [gte]: optional 'optional_26' #26
            │        │              │  │  └─ item: integer #25
            │        │              │  ├─ [lt]: optional 'optional_26' #26
            │        │              │  │  └─ item: integer #25
            │        │              │  └─ [lte]: optional 'optional_26' #26
            │        │              │     └─ item: integer #25
            │        │              ├─ variant_4: struct #31
            │        │              │  └─ [in]: list 'list_27' #27
            │        │              │     └─ item: integer #25
            │        │              └─ variant_5: struct #32
            │        │                 └─ [notIn]: list 'list_27' #27
            │        │                    └─ item: integer #25
            │        └─ [title]: optional 'optional_86' #86
            │           └─ item: optional '_string_filter_c' #22
            │              └─ item: union #21
            │                 ├─ variant_0: union '_string_filter' #19
            │                 │  ├─ variant_0: string #7
            │                 │  ├─ variant_1: struct #10
            │                 │  │  └─ [equals]: string #7
            │                 │  ├─ variant_2: struct #11
            │                 │  │  └─ [not]: string #7
            │                 │  ├─ variant_3: struct #12
            │                 │  │  └─ [in]: list 'list_9' #9
            │                 │  │     └─ item: string #7
            │                 │  ├─ variant_4: struct #13
            │                 │  │  └─ [notIn]: list 'list_9' #9
            │                 │  │     └─ item: string #7
            │                 │  ├─ variant_5: struct #16
            │                 │  │  ├─ [contains]: string #7
            │                 │  │  └─ [mode]: optional 'optional_15' #15
            │                 │  │     └─ item: string #14 enum{ '"insensitive"' }
            │                 │  ├─ variant_6: struct #17
            │                 │  │  └─ [search]: string #7
            │                 │  └─ variant_7: struct #18
            │                 │     ├─ [endsWith]: optional 'optional_8' #8
            │                 │     │  └─ item: string #7
            │                 │     └─ [startsWith]: optional 'optional_8' #8
            │                 │        └─ item: string #7
            │                 └─ variant_1: struct #20
            │                    └─ [not]: union '_string_filter' #19
            │                       ├─ variant_0: string #7
            │                       ├─ variant_1: struct #10
            │                       │  └─ [equals]: string #7
            │                       ├─ variant_2: struct #11
            │                       │  └─ [not]: string #7
            │                       ├─ variant_3: struct #12
            │                       │  └─ [in]: list 'list_9' #9
            │                       │     └─ item: string #7
            │                       ├─ variant_4: struct #13
            │                       │  └─ [notIn]: list 'list_9' #9
            │                       │     └─ item: string #7
            │                       ├─ variant_5: struct #16
            │                       │  ├─ [contains]: string #7
            │                       │  └─ [mode]: optional 'optional_15' #15
            │                       │     └─ item: string #14 enum{ '"insensitive"' }
            │                       ├─ variant_6: struct #17
            │                       │  └─ [search]: string #7
            │                       └─ variant_7: struct #18
            │                          ├─ [endsWith]: optional 'optional_8' #8
            │                          │  └─ item: string #7
            │                          └─ [startsWith]: optional 'optional_8' #8
            │                             └─ item: string #7
            ├─ variant_1: struct #93
            │  └─ [some]: optional 'optional_92' #92
            │     └─ item: struct 'PostWhere__skip_78_UserWhere' #89
            │        ├─ [author]: optional 'optional_88' #88
            │        │  └─ item: &UserWhere #87
            │        ├─ [id]: optional 'optional_85' #85
            │        │  └─ item: optional '_integer_filter_c' #36
            │        │     └─ item: union #35
            │        │        ├─ variant_0: either '_integer_filter' #33
            │        │        │  ├─ variant_0: integer #25
            │        │        │  ├─ variant_1: struct #28
            │        │        │  │  └─ [equals]: integer #25
            │        │        │  ├─ variant_2: struct #29
            │        │        │  │  └─ [not]: integer #25
            │        │        │  ├─ variant_3: struct #30
            │        │        │  │  ├─ [gt]: optional 'optional_26' #26
            │        │        │  │  │  └─ item: integer #25
            │        │        │  │  ├─ [gte]: optional 'optional_26' #26
            │        │        │  │  │  └─ item: integer #25
            │        │        │  │  ├─ [lt]: optional 'optional_26' #26
            │        │        │  │  │  └─ item: integer #25
            │        │        │  │  └─ [lte]: optional 'optional_26' #26
            │        │        │  │     └─ item: integer #25
            │        │        │  ├─ variant_4: struct #31
            │        │        │  │  └─ [in]: list 'list_27' #27
            │        │        │  │     └─ item: integer #25
            │        │        │  └─ variant_5: struct #32
            │        │        │     └─ [notIn]: list 'list_27' #27
            │        │        │        └─ item: integer #25
            │        │        └─ variant_1: struct #34
            │        │           └─ [not]: either '_integer_filter' #33
            │        │              ├─ variant_0: integer #25
            │        │              ├─ variant_1: struct #28
            │        │              │  └─ [equals]: integer #25
            │        │              ├─ variant_2: struct #29
            │        │              │  └─ [not]: integer #25
            │        │              ├─ variant_3: struct #30
            │        │              │  ├─ [gt]: optional 'optional_26' #26
            │        │              │  │  └─ item: integer #25
            │        │              │  ├─ [gte]: optional 'optional_26' #26
            │        │              │  │  └─ item: integer #25
            │        │              │  ├─ [lt]: optional 'optional_26' #26
            │        │              │  │  └─ item: integer #25
            │        │              │  └─ [lte]: optional 'optional_26' #26
            │        │              │     └─ item: integer #25
            │        │              ├─ variant_4: struct #31
            │        │              │  └─ [in]: list 'list_27' #27
            │        │              │     └─ item: integer #25
            │        │              └─ variant_5: struct #32
            │        │                 └─ [notIn]: list 'list_27' #27
            │        │                    └─ item: integer #25
            │        └─ [title]: optional 'optional_86' #86
            │           └─ item: optional '_string_filter_c' #22
            │              └─ item: union #21
            │                 ├─ variant_0: union '_string_filter' #19
            │                 │  ├─ variant_0: string #7
            │                 │  ├─ variant_1: struct #10
            │                 │  │  └─ [equals]: string #7
            │                 │  ├─ variant_2: struct #11
            │                 │  │  └─ [not]: string #7
            │                 │  ├─ variant_3: struct #12
            │                 │  │  └─ [in]: list 'list_9' #9
            │                 │  │     └─ item: string #7
            │                 │  ├─ variant_4: struct #13
            │                 │  │  └─ [notIn]: list 'list_9' #9
            │                 │  │     └─ item: string #7
            │                 │  ├─ variant_5: struct #16
            │                 │  │  ├─ [contains]: string #7
            │                 │  │  └─ [mode]: optional 'optional_15' #15
            │                 │  │     └─ item: string #14 enum{ '"insensitive"' }
            │                 │  ├─ variant_6: struct #17
            │                 │  │  └─ [search]: string #7
            │                 │  └─ variant_7: struct #18
            │                 │     ├─ [endsWith]: optional 'optional_8' #8
            │                 │     │  └─ item: string #7
            │                 │     └─ [startsWith]: optional 'optional_8' #8
            │                 │        └─ item: string #7
            │                 └─ variant_1: struct #20
            │                    └─ [not]: union '_string_filter' #19
            │                       ├─ variant_0: string #7
            │                       ├─ variant_1: struct #10
            │                       │  └─ [equals]: string #7
            │                       ├─ variant_2: struct #11
            │                       │  └─ [not]: string #7
            │                       ├─ variant_3: struct #12
            │                       │  └─ [in]: list 'list_9' #9
            │                       │     └─ item: string #7
            │                       ├─ variant_4: struct #13
            │                       │  └─ [notIn]: list 'list_9' #9
            │                       │     └─ item: string #7
            │                       ├─ variant_5: struct #16
            │                       │  ├─ [contains]: string #7
            │                       │  └─ [mode]: optional 'optional_15' #15
            │                       │     └─ item: string #14 enum{ '"insensitive"' }
            │                       ├─ variant_6: struct #17
            │                       │  └─ [search]: string #7
            │                       └─ variant_7: struct #18
            │                          ├─ [endsWith]: optional 'optional_8' #8
            │                          │  └─ item: string #7
            │                          └─ [startsWith]: optional 'optional_8' #8
            │                             └─ item: string #7
            └─ variant_2: struct #95
               └─ [none]: optional 'optional_94' #94
                  └─ item: struct 'PostWhere__skip_78_UserWhere' #89
                     ├─ [author]: optional 'optional_88' #88
                     │  └─ item: &UserWhere #87
                     ├─ [id]: optional 'optional_85' #85
                     │  └─ item: optional '_integer_filter_c' #36
                     │     └─ item: union #35
                     │        ├─ variant_0: either '_integer_filter' #33
                     │        │  ├─ variant_0: integer #25
                     │        │  ├─ variant_1: struct #28
                     │        │  │  └─ [equals]: integer #25
                     │        │  ├─ variant_2: struct #29
                     │        │  │  └─ [not]: integer #25
                     │        │  ├─ variant_3: struct #30
                     │        │  │  ├─ [gt]: optional 'optional_26' #26
                     │        │  │  │  └─ item: integer #25
                     │        │  │  ├─ [gte]: optional 'optional_26' #26
                     │        │  │  │  └─ item: integer #25
                     │        │  │  ├─ [lt]: optional 'optional_26' #26
                     │        │  │  │  └─ item: integer #25
                     │        │  │  └─ [lte]: optional 'optional_26' #26
                     │        │  │     └─ item: integer #25
                     │        │  ├─ variant_4: struct #31
                     │        │  │  └─ [in]: list 'list_27' #27
                     │        │  │     └─ item: integer #25
                     │        │  └─ variant_5: struct #32
                     │        │     └─ [notIn]: list 'list_27' #27
                     │        │        └─ item: integer #25
                     │        └─ variant_1: struct #34
                     │           └─ [not]: either '_integer_filter' #33
                     │              ├─ variant_0: integer #25
                     │              ├─ variant_1: struct #28
                     │              │  └─ [equals]: integer #25
                     │              ├─ variant_2: struct #29
                     │              │  └─ [not]: integer #25
                     │              ├─ variant_3: struct #30
                     │              │  ├─ [gt]: optional 'optional_26' #26
                     │              │  │  └─ item: integer #25
                     │              │  ├─ [gte]: optional 'optional_26' #26
                     │              │  │  └─ item: integer #25
                     │              │  ├─ [lt]: optional 'optional_26' #26
                     │              │  │  └─ item: integer #25
                     │              │  └─ [lte]: optional 'optional_26' #26
                     │              │     └─ item: integer #25
                     │              ├─ variant_4: struct #31
                     │              │  └─ [in]: list 'list_27' #27
                     │              │     └─ item: integer #25
                     │              └─ variant_5: struct #32
                     │                 └─ [notIn]: list 'list_27' #27
                     │                    └─ item: integer #25
                     └─ [title]: optional 'optional_86' #86
                        └─ item: optional '_string_filter_c' #22
                           └─ item: union #21
                              ├─ variant_0: union '_string_filter' #19
                              │  ├─ variant_0: string #7
                              │  ├─ variant_1: struct #10
                              │  │  └─ [equals]: string #7
                              │  ├─ variant_2: struct #11
                              │  │  └─ [not]: string #7
                              │  ├─ variant_3: struct #12
                              │  │  └─ [in]: list 'list_9' #9
                              │  │     └─ item: string #7
                              │  ├─ variant_4: struct #13
                              │  │  └─ [notIn]: list 'list_9' #9
                              │  │     └─ item: string #7
                              │  ├─ variant_5: struct #16
                              │  │  ├─ [contains]: string #7
                              │  │  └─ [mode]: optional 'optional_15' #15
                              │  │     └─ item: string #14 enum{ '"insensitive"' }
                              │  ├─ variant_6: struct #17
                              │  │  └─ [search]: string #7
                              │  └─ variant_7: struct #18
                              │     ├─ [endsWith]: optional 'optional_8' #8
                              │     │  └─ item: string #7
                              │     └─ [startsWith]: optional 'optional_8' #8
                              │        └─ item: string #7
                              └─ variant_1: struct #20
                                 └─ [not]: union '_string_filter' #19
                                    ├─ variant_0: string #7
                                    ├─ variant_1: struct #10
                                    │  └─ [equals]: string #7
                                    ├─ variant_2: struct #11
                                    │  └─ [not]: string #7
                                    ├─ variant_3: struct #12
                                    │  └─ [in]: list 'list_9' #9
                                    │     └─ item: string #7
                                    ├─ variant_4: struct #13
                                    │  └─ [notIn]: list 'list_9' #9
                                    │     └─ item: string #7
                                    ├─ variant_5: struct #16
                                    │  ├─ [contains]: string #7
                                    │  └─ [mode]: optional 'optional_15' #15
                                    │     └─ item: string #14 enum{ '"insensitive"' }
                                    ├─ variant_6: struct #17
                                    │  └─ [search]: string #7
                                    └─ variant_7: struct #18
                                       ├─ [endsWith]: optional 'optional_8' #8
                                       │  └─ item: string #7
                                       └─ [startsWith]: optional 'optional_8' #8
                                          └─ item: string #7
