---
source: src/typegraph/core/src/runtimes/prisma/type_generation/mod.rs
expression: tp.print(out)
---
root: list 'list_73' #73
└─ item: struct 'Record_with_nested_count' #72
   ├─ [age]: optional 'optional_5' #5
   │  └─ item: integer #4
   ├─ [created_at]: string #71
   ├─ [id]: string #2
   └─ [name]: string #3
