---
source: src/typegraph/core/src/runtimes/prisma/type_generation/mod.rs
expression: tp.print(inp)
---
root: struct #202
├─ [data]: struct 'User_update_input' #161
│  ├─ [id]: optional #99
│  │  └─ item: union #98
│  │     ├─ variant_0: integer #80
│  │     ├─ variant_1: struct #94
│  │     │  └─ [set]: integer #80
│  │     ├─ variant_2: struct #95
│  │     │  └─ [multiply]: integer #80
│  │     ├─ variant_3: struct #96
│  │     │  └─ [decrement]: integer #80
│  │     └─ variant_4: struct #97
│  │        └─ [increment]: integer #80
│  ├─ [name]: optional #102
│  │  └─ item: union #101
│  │     ├─ variant_0: string #81
│  │     └─ variant_1: struct #100
│  │        └─ [set]: string #81
│  └─ [posts]: optional #159
│     └─ item: union #158
│        ├─ variant_0: struct #132
│        │  └─ [create]: union #108
│        │     ├─ variant_0: struct 'Post_create_input_excluding_rel_Post_User' #106
│        │     │  ├─ [id]: optional #104
│        │     │  │  └─ item: integer #88
│        │     │  └─ [title]: string #89
│        │     └─ variant_1: list #107
│        │        └─ item: struct 'Post_create_input_excluding_rel_Post_User' #106
│        │           ├─ [id]: optional #104
│        │           │  └─ item: integer #88
│        │           └─ [title]: string #89
│        ├─ variant_1: struct #133
│        │  └─ [connect]: union #130
│        │     ├─ variant_0: struct 'Post_where' #128
│        │     │  ├─ [author]: optional #126
│        │     │  │  └─ item: struct 'User_where_excluding_Post' #125
│        │     │  │     ├─ [id]: optional #113
│        │     │  │     │  └─ item: &_prisma_integer_filter_ex #52
│        │     │  │     ├─ [name]: optional #114
│        │     │  │     │  └─ item: &_prisma_string_filter_ex #30
│        │     │  │     └─ [posts]: optional #123
│        │     │  │        └─ item: union #122
│        │     │  │           ├─ variant_0: struct #117
│        │     │  │           │  └─ [every]: optional #116
│        │     │  │           │     └─ item: &Post_where #115
│        │     │  │           ├─ variant_1: struct #119
│        │     │  │           │  └─ [some]: optional #118
│        │     │  │           │     └─ item: &Post_where #115
│        │     │  │           └─ variant_2: struct #121
│        │     │  │              └─ [none]: optional #120
│        │     │  │                 └─ item: &Post_where #115
│        │     │  ├─ [id]: optional #110
│        │     │  │  └─ item: &_prisma_integer_filter_ex #52
│        │     │  └─ [title]: optional #111
│        │     │     └─ item: &_prisma_string_filter_ex #30
│        │     └─ variant_1: list #129
│        │        └─ item: struct 'Post_where' #128
│        │           ├─ [author]: optional #126
│        │           │  └─ item: struct 'User_where_excluding_Post' #125
│        │           │     ├─ [id]: optional #113
│        │           │     │  └─ item: &_prisma_integer_filter_ex #52
│        │           │     ├─ [name]: optional #114
│        │           │     │  └─ item: &_prisma_string_filter_ex #30
│        │           │     └─ [posts]: optional #123
│        │           │        └─ item: union #122
│        │           │           ├─ variant_0: struct #117
│        │           │           │  └─ [every]: optional #116
│        │           │           │     └─ item: &Post_where #115
│        │           │           ├─ variant_1: struct #119
│        │           │           │  └─ [some]: optional #118
│        │           │           │     └─ item: &Post_where #115
│        │           │           └─ variant_2: struct #121
│        │           │              └─ [none]: optional #120
│        │           │                 └─ item: &Post_where #115
│        │           ├─ [id]: optional #110
│        │           │  └─ item: &_prisma_integer_filter_ex #52
│        │           └─ [title]: optional #111
│        │              └─ item: &_prisma_string_filter_ex #30
│        ├─ variant_2: struct #134
│        │  └─ [connectOrCreate]: struct #131
│        │     ├─ [create]: union #108
│        │     │  ├─ variant_0: struct 'Post_create_input_excluding_rel_Post_User' #106
│        │     │  │  ├─ [id]: optional #104
│        │     │  │  │  └─ item: integer #88
│        │     │  │  └─ [title]: string #89
│        │     │  └─ variant_1: list #107
│        │     │     └─ item: struct 'Post_create_input_excluding_rel_Post_User' #106
│        │     │        ├─ [id]: optional #104
│        │     │        │  └─ item: integer #88
│        │     │        └─ [title]: string #89
│        │     └─ [where]: union #130
│        │        ├─ variant_0: struct 'Post_where' #128
│        │        │  ├─ [author]: optional #126
│        │        │  │  └─ item: struct 'User_where_excluding_Post' #125
│        │        │  │     ├─ [id]: optional #113
│        │        │  │     │  └─ item: &_prisma_integer_filter_ex #52
│        │        │  │     ├─ [name]: optional #114
│        │        │  │     │  └─ item: &_prisma_string_filter_ex #30
│        │        │  │     └─ [posts]: optional #123
│        │        │  │        └─ item: union #122
│        │        │  │           ├─ variant_0: struct #117
│        │        │  │           │  └─ [every]: optional #116
│        │        │  │           │     └─ item: &Post_where #115
│        │        │  │           ├─ variant_1: struct #119
│        │        │  │           │  └─ [some]: optional #118
│        │        │  │           │     └─ item: &Post_where #115
│        │        │  │           └─ variant_2: struct #121
│        │        │  │              └─ [none]: optional #120
│        │        │  │                 └─ item: &Post_where #115
│        │        │  ├─ [id]: optional #110
│        │        │  │  └─ item: &_prisma_integer_filter_ex #52
│        │        │  └─ [title]: optional #111
│        │        │     └─ item: &_prisma_string_filter_ex #30
│        │        └─ variant_1: list #129
│        │           └─ item: struct 'Post_where' #128
│        │              ├─ [author]: optional #126
│        │              │  └─ item: struct 'User_where_excluding_Post' #125
│        │              │     ├─ [id]: optional #113
│        │              │     │  └─ item: &_prisma_integer_filter_ex #52
│        │              │     ├─ [name]: optional #114
│        │              │     │  └─ item: &_prisma_string_filter_ex #30
│        │              │     └─ [posts]: optional #123
│        │              │        └─ item: union #122
│        │              │           ├─ variant_0: struct #117
│        │              │           │  └─ [every]: optional #116
│        │              │           │     └─ item: &Post_where #115
│        │              │           ├─ variant_1: struct #119
│        │              │           │  └─ [some]: optional #118
│        │              │           │     └─ item: &Post_where #115
│        │              │           └─ variant_2: struct #121
│        │              │              └─ [none]: optional #120
│        │              │                 └─ item: &Post_where #115
│        │              ├─ [id]: optional #110
│        │              │  └─ item: &_prisma_integer_filter_ex #52
│        │              └─ [title]: optional #111
│        │                 └─ item: &_prisma_string_filter_ex #30
│        ├─ variant_3: struct #147
│        │  └─ [update]: struct 'Post_update_input_excluding_rel_Post_User' #146
│        │     ├─ [id]: optional #141
│        │     │  └─ item: union #140
│        │     │     ├─ variant_0: integer #88
│        │     │     ├─ variant_1: struct #136
│        │     │     │  └─ [set]: integer #88
│        │     │     ├─ variant_2: struct #137
│        │     │     │  └─ [multiply]: integer #88
│        │     │     ├─ variant_3: struct #138
│        │     │     │  └─ [decrement]: integer #88
│        │     │     └─ variant_4: struct #139
│        │     │        └─ [increment]: integer #88
│        │     └─ [title]: optional #144
│        │        └─ item: union #143
│        │           ├─ variant_0: string #89
│        │           └─ variant_1: struct #142
│        │              └─ [set]: string #89
│        ├─ variant_4: struct #150
│        │  └─ [updateMany]: struct #149
│        │     ├─ [data]: struct 'Post_update_input_excluding_rel_Post_User' #146
│        │     │  ├─ [id]: optional #141
│        │     │  │  └─ item: union #140
│        │     │  │     ├─ variant_0: integer #88
│        │     │  │     ├─ variant_1: struct #136
│        │     │  │     │  └─ [set]: integer #88
│        │     │  │     ├─ variant_2: struct #137
│        │     │  │     │  └─ [multiply]: integer #88
│        │     │  │     ├─ variant_3: struct #138
│        │     │  │     │  └─ [decrement]: integer #88
│        │     │  │     └─ variant_4: struct #139
│        │     │  │        └─ [increment]: integer #88
│        │     │  └─ [title]: optional #144
│        │     │     └─ item: union #143
│        │     │        ├─ variant_0: string #89
│        │     │        └─ variant_1: struct #142
│        │     │           └─ [set]: string #89
│        │     └─ [where]: optional #148
│        │        └─ item: union #130
│        │           ├─ variant_0: struct 'Post_where' #128
│        │           │  ├─ [author]: optional #126
│        │           │  │  └─ item: struct 'User_where_excluding_Post' #125
│        │           │  │     ├─ [id]: optional #113
│        │           │  │     │  └─ item: &_prisma_integer_filter_ex #52
│        │           │  │     ├─ [name]: optional #114
│        │           │  │     │  └─ item: &_prisma_string_filter_ex #30
│        │           │  │     └─ [posts]: optional #123
│        │           │  │        └─ item: union #122
│        │           │  │           ├─ variant_0: struct #117
│        │           │  │           │  └─ [every]: optional #116
│        │           │  │           │     └─ item: &Post_where #115
│        │           │  │           ├─ variant_1: struct #119
│        │           │  │           │  └─ [some]: optional #118
│        │           │  │           │     └─ item: &Post_where #115
│        │           │  │           └─ variant_2: struct #121
│        │           │  │              └─ [none]: optional #120
│        │           │  │                 └─ item: &Post_where #115
│        │           │  ├─ [id]: optional #110
│        │           │  │  └─ item: &_prisma_integer_filter_ex #52
│        │           │  └─ [title]: optional #111
│        │           │     └─ item: &_prisma_string_filter_ex #30
│        │           └─ variant_1: list #129
│        │              └─ item: struct 'Post_where' #128
│        │                 ├─ [author]: optional #126
│        │                 │  └─ item: struct 'User_where_excluding_Post' #125
│        │                 │     ├─ [id]: optional #113
│        │                 │     │  └─ item: &_prisma_integer_filter_ex #52
│        │                 │     ├─ [name]: optional #114
│        │                 │     │  └─ item: &_prisma_string_filter_ex #30
│        │                 │     └─ [posts]: optional #123
│        │                 │        └─ item: union #122
│        │                 │           ├─ variant_0: struct #117
│        │                 │           │  └─ [every]: optional #116
│        │                 │           │     └─ item: &Post_where #115
│        │                 │           ├─ variant_1: struct #119
│        │                 │           │  └─ [some]: optional #118
│        │                 │           │     └─ item: &Post_where #115
│        │                 │           └─ variant_2: struct #121
│        │                 │              └─ [none]: optional #120
│        │                 │                 └─ item: &Post_where #115
│        │                 ├─ [id]: optional #110
│        │                 │  └─ item: &_prisma_integer_filter_ex #52
│        │                 └─ [title]: optional #111
│        │                    └─ item: &_prisma_string_filter_ex #30
│        ├─ variant_5: struct #153
│        │  └─ [deleteMany]: struct #152
│        │     └─ [where]: optional #151
│        │        └─ item: union #130
│        │           ├─ variant_0: struct 'Post_where' #128
│        │           │  ├─ [author]: optional #126
│        │           │  │  └─ item: struct 'User_where_excluding_Post' #125
│        │           │  │     ├─ [id]: optional #113
│        │           │  │     │  └─ item: &_prisma_integer_filter_ex #52
│        │           │  │     ├─ [name]: optional #114
│        │           │  │     │  └─ item: &_prisma_string_filter_ex #30
│        │           │  │     └─ [posts]: optional #123
│        │           │  │        └─ item: union #122
│        │           │  │           ├─ variant_0: struct #117
│        │           │  │           │  └─ [every]: optional #116
│        │           │  │           │     └─ item: &Post_where #115
│        │           │  │           ├─ variant_1: struct #119
│        │           │  │           │  └─ [some]: optional #118
│        │           │  │           │     └─ item: &Post_where #115
│        │           │  │           └─ variant_2: struct #121
│        │           │  │              └─ [none]: optional #120
│        │           │  │                 └─ item: &Post_where #115
│        │           │  ├─ [id]: optional #110
│        │           │  │  └─ item: &_prisma_integer_filter_ex #52
│        │           │  └─ [title]: optional #111
│        │           │     └─ item: &_prisma_string_filter_ex #30
│        │           └─ variant_1: list #129
│        │              └─ item: struct 'Post_where' #128
│        │                 ├─ [author]: optional #126
│        │                 │  └─ item: struct 'User_where_excluding_Post' #125
│        │                 │     ├─ [id]: optional #113
│        │                 │     │  └─ item: &_prisma_integer_filter_ex #52
│        │                 │     ├─ [name]: optional #114
│        │                 │     │  └─ item: &_prisma_string_filter_ex #30
│        │                 │     └─ [posts]: optional #123
│        │                 │        └─ item: union #122
│        │                 │           ├─ variant_0: struct #117
│        │                 │           │  └─ [every]: optional #116
│        │                 │           │     └─ item: &Post_where #115
│        │                 │           ├─ variant_1: struct #119
│        │                 │           │  └─ [some]: optional #118
│        │                 │           │     └─ item: &Post_where #115
│        │                 │           └─ variant_2: struct #121
│        │                 │              └─ [none]: optional #120
│        │                 │                 └─ item: &Post_where #115
│        │                 ├─ [id]: optional #110
│        │                 │  └─ item: &_prisma_integer_filter_ex #52
│        │                 └─ [title]: optional #111
│        │                    └─ item: &_prisma_string_filter_ex #30
│        └─ variant_6: struct #157
│           └─ [createMany]: optional #156
│              └─ item: struct #155
│                 └─ [data]: list #154
│                    └─ item: union #108
│                       ├─ variant_0: struct 'Post_create_input_excluding_rel_Post_User' #106
│                       │  ├─ [id]: optional #104
│                       │  │  └─ item: integer #88
│                       │  └─ [title]: string #89
│                       └─ variant_1: list #107
│                          └─ item: struct 'Post_create_input_excluding_rel_Post_User' #106
│                             ├─ [id]: optional #104
│                             │  └─ item: integer #88
│                             └─ [title]: string #89
└─ [where]: struct 'User_query_where_unique_input' #201
   ├─ [AND]: optional #198
   │  └─ item: list #197
   │     └─ item: &User_query_where_unique_input #196
   ├─ [NOT]: optional #199
   │  └─ item: &User_query_where_unique_input #196
   ├─ [OR]: optional #198
   │  └─ item: list #197
   │     └─ item: &User_query_where_unique_input #196
   ├─ [id]: optional #164
   │  └─ item: &_prisma_integer_filter_ex #52
   ├─ [name]: optional #165
   │  └─ item: &_prisma_string_filter_ex #30
   └─ [posts]: optional #193
      └─ item: union #192
         ├─ variant_0: struct #187
         │  └─ [every]: optional #186
         │     └─ item: struct 'Post_where_excluding_User' #185
         │        ├─ [author]: optional #183
         │        │  └─ item: struct 'User_where_excluding_Post_and_User' #182
         │        │     ├─ [id]: optional #170
         │        │     │  └─ item: &_prisma_integer_filter_ex #52
         │        │     ├─ [name]: optional #171
         │        │     │  └─ item: &_prisma_string_filter_ex #30
         │        │     └─ [posts]: optional #180
         │        │        └─ item: union #179
         │        │           ├─ variant_0: struct #174
         │        │           │  └─ [every]: optional #173
         │        │           │     └─ item: &Post_where_excluding_User #172
         │        │           ├─ variant_1: struct #176
         │        │           │  └─ [some]: optional #175
         │        │           │     └─ item: &Post_where_excluding_User #172
         │        │           └─ variant_2: struct #178
         │        │              └─ [none]: optional #177
         │        │                 └─ item: &Post_where_excluding_User #172
         │        ├─ [id]: optional #167
         │        │  └─ item: &_prisma_integer_filter_ex #52
         │        └─ [title]: optional #168
         │           └─ item: &_prisma_string_filter_ex #30
         ├─ variant_1: struct #189
         │  └─ [some]: optional #188
         │     └─ item: struct 'Post_where_excluding_User' #185
         │        ├─ [author]: optional #183
         │        │  └─ item: struct 'User_where_excluding_Post_and_User' #182
         │        │     ├─ [id]: optional #170
         │        │     │  └─ item: &_prisma_integer_filter_ex #52
         │        │     ├─ [name]: optional #171
         │        │     │  └─ item: &_prisma_string_filter_ex #30
         │        │     └─ [posts]: optional #180
         │        │        └─ item: union #179
         │        │           ├─ variant_0: struct #174
         │        │           │  └─ [every]: optional #173
         │        │           │     └─ item: &Post_where_excluding_User #172
         │        │           ├─ variant_1: struct #176
         │        │           │  └─ [some]: optional #175
         │        │           │     └─ item: &Post_where_excluding_User #172
         │        │           └─ variant_2: struct #178
         │        │              └─ [none]: optional #177
         │        │                 └─ item: &Post_where_excluding_User #172
         │        ├─ [id]: optional #167
         │        │  └─ item: &_prisma_integer_filter_ex #52
         │        └─ [title]: optional #168
         │           └─ item: &_prisma_string_filter_ex #30
         └─ variant_2: struct #191
            └─ [none]: optional #190
               └─ item: struct 'Post_where_excluding_User' #185
                  ├─ [author]: optional #183
                  │  └─ item: struct 'User_where_excluding_Post_and_User' #182
                  │     ├─ [id]: optional #170
                  │     │  └─ item: &_prisma_integer_filter_ex #52
                  │     ├─ [name]: optional #171
                  │     │  └─ item: &_prisma_string_filter_ex #30
                  │     └─ [posts]: optional #180
                  │        └─ item: union #179
                  │           ├─ variant_0: struct #174
                  │           │  └─ [every]: optional #173
                  │           │     └─ item: &Post_where_excluding_User #172
                  │           ├─ variant_1: struct #176
                  │           │  └─ [some]: optional #175
                  │           │     └─ item: &Post_where_excluding_User #172
                  │           └─ variant_2: struct #178
                  │              └─ [none]: optional #177
                  │                 └─ item: &Post_where_excluding_User #172
                  ├─ [id]: optional #167
                  │  └─ item: &_prisma_integer_filter_ex #52
                  └─ [title]: optional #168
                     └─ item: &_prisma_string_filter_ex #30
