---
source: src/typegraph/core/src/runtimes/prisma/type_generation/mod.rs
expression: tp.print(out)
---
root: optional 'optional_49' #49
└─ item: struct 'Record_with_nested_count' #48
   ├─ [age]: optional 'optional_5' #5
   │  └─ item: integer #4
   ├─ [created_at]: string #47
   ├─ [id]: string #2
   └─ [name]: string #3
