---
source: src/typegraph/core/src/runtimes/prisma/type_generation/mod.rs
expression: tp.print(out)
---
root: struct #39
├─ [_avg]: struct 'User_avg_aggregate' #33
│  └─ [id]: optional 'optional_32' #32
│     └─ item: float #31
├─ [_count]: struct 'User_count_aggregate' #30
│  ├─ [_all]: optional 'optional_29' #29
│  │  └─ item: integer #28
│  ├─ [id]: optional 'optional_29' #29
│  │  └─ item: integer #28
│  ├─ [name]: optional 'optional_29' #29
│  │  └─ item: integer #28
│  └─ [posts]: optional 'optional_29' #29
│     └─ item: integer #28
├─ [_max]: struct 'User_number_aggregate' #38
│  └─ [id]: optional 'optional_37' #37
│     └─ item: integer #36
├─ [_min]: struct 'User_number_aggregate' #38
│  └─ [id]: optional 'optional_37' #37
│     └─ item: integer #36
└─ [_sum]: struct 'User_number_aggregate' #38
   └─ [id]: optional 'optional_37' #37
      └─ item: integer #36
