{
    "type": "object",
    "name": "object_31",
    "children": {
        "id": {
            "type": "string",
            "name": "string_15"
        },
        "email": {
            "type": "string",
            "name": "string_16"
        },
        "profile": {
            "type": "optional",
            "name": "optional_26",
            "children": {
                "[item]": {
                    "type": "object",
                    "name": "object_25",
                    "children": {
                        "id": {
                            "type": "string",
                            "name": "string_8"
                        },
                        "display_name": {
                            "type": "string",
                            "name": "string_9"
                        },
                        "first_name": {
                            "type": "optional",
                            "name": "optional_11",
                            "children": {
                                "[item]": {
                                    "type": "string",
                                    "name": "string_10"
                                }
                            }
                        },
                        "last_name": {
                            "type": "string",
                            "name": "string_12"
                        },
                        "profile_pic": {
                            "type": "optional",
                            "name": "optional_20",
                            "children": {
                                "[item]": {
                                    "type": "object",
                                    "name": "object_19",
                                    "children": {
                                        "id": {
                                            "type": "string",
                                            "name": "string_1"
                                        },
                                        "url": {
                                            "type": "string",
                                            "name": "string_2"
                                        },
                                        "date_posted": {
                                            "type": "string",
                                            "name": "string_3"
                                        },
                                        "text": {
                                            "type": "optional",
                                            "name": "optional_5",
                                            "children": {
                                                "[item]": {
                                                    "type": "string",
                                                    "name": "string_4"
                                                }
                                            }
                                        }
                                    }
                                }
                            }
                        },
                        "_count": {
                            "type": "optional",
                            "name": "optional_24",
                            "children": {
                                "[item]": {
                                    "type": "object",
                                    "name": "object_23",
                                    "children": {
                                        "profile_pic": {
                                            "type": "optional",
                                            "name": "optional_22",
                                            "children": {
                                                "[item]": {
                                                    "type": "integer",
                                                    "name": "integer_21"
                                                }
                                            }
                                        }
                                    }
                                }
                            }
                        }
                    }
                }
            }
        },
        "_count": {
            "type": "optional",
            "name": "optional_30",
            "children": {
                "[item]": {
                    "type": "object",
                    "name": "object_29",
                    "children": {
                        "profile": {
                            "type": "optional",
                            "name": "optional_28",
                            "children": {
                                "[item]": {
                                    "type": "integer",
                                    "name": "integer_27"
                                }
                            }
                        }
                    }
                }
            }
        }
    }
}
