{
    "type": "array",
    "name": "array_23",
    "children": {
        "[items]": {
            "type": "optional",
            "name": "optional_22",
            "children": {
                "[item]": {
                    "type": "object",
                    "name": "object_21",
                    "children": {
                        "id": {
                            "type": "optional",
                            "name": "optional_20",
                            "children": {
                                "[item]": {
                                    "type": "string",
                                    "name": "string_19"
                                }
                            }
                        },
                        "email": {
                            "type": "optional",
                            "name": "optional_20"
                        },
                        "profile": {
                            "type": "optional",
                            "name": "optional_20"
                        }
                    }
                }
            }
        }
    }
}
