---
source: src/typegraph/core/src/runtimes/prisma/type_generation/mod.rs
expression: tp.print(out)
---
root: struct #13
└─ [count]: integer #12
