---
source: src/typegraph/graph/tests/expanded.rs
expression: "tg.input_types.iter().map(|(idx, ty)|\n            { (idx, (ty.tag(), ty.name())) }).collect::<BTreeMap<_, _>>()"
---
{
    Ty_2/0: (
        "object",
        "OneInput",
    ),
    Ty_3/0: (
        "string",
        "string_3fb09",
    ),
    Ty_9/0: (
        "object",
        "TwoInput",
    ),
    Ty_11/0: (
        "object",
        "root_three_fn_input",
    ),
}
